Archive member included to satisfy reference by file (symbol)

D:/ST/STM32CubeIDE_1.14.0/STM32CubeIDE/plugins/com.st.stm32cube.ide.mcu.externaltools.gnu-tools-for-stm32.11.3.rel1.win32_1.1.100.202309141235/tools/bin/../lib/gcc/arm-none-eabi/11.3.1/../../../../arm-none-eabi/lib/thumb/v7e-m/nofp\libc_nano.a(libc_a-exit.o)
                              D:/ST/STM32CubeIDE_1.14.0/STM32CubeIDE/plugins/com.st.stm32cube.ide.mcu.externaltools.gnu-tools-for-stm32.11.3.rel1.win32_1.1.100.202309141235/tools/bin/../lib/gcc/arm-none-eabi/11.3.1/../../../../arm-none-eabi/lib/thumb/v7e-m/nofp/crt0.o (exit)
D:/ST/STM32CubeIDE_1.14.0/STM32CubeIDE/plugins/com.st.stm32cube.ide.mcu.externaltools.gnu-tools-for-stm32.11.3.rel1.win32_1.1.100.202309141235/tools/bin/../lib/gcc/arm-none-eabi/11.3.1/../../../../arm-none-eabi/lib/thumb/v7e-m/nofp\libc_nano.a(libc_a-rand.o)
                              ./APPLICATION/Src/spi_frame_simulate.o (rand)
D:/ST/STM32CubeIDE_1.14.0/STM32CubeIDE/plugins/com.st.stm32cube.ide.mcu.externaltools.gnu-tools-for-stm32.11.3.rel1.win32_1.1.100.202309141235/tools/bin/../lib/gcc/arm-none-eabi/11.3.1/../../../../arm-none-eabi/lib/thumb/v7e-m/nofp\libc_nano.a(libc_a-findfp.o)
                              D:/ST/STM32CubeIDE_1.14.0/STM32CubeIDE/plugins/com.st.stm32cube.ide.mcu.externaltools.gnu-tools-for-stm32.11.3.rel1.win32_1.1.100.202309141235/tools/bin/../lib/gcc/arm-none-eabi/11.3.1/../../../../arm-none-eabi/lib/thumb/v7e-m/nofp\libc_nano.a(libc_a-exit.o) (__stdio_exit_handler)
D:/ST/STM32CubeIDE_1.14.0/STM32CubeIDE/plugins/com.st.stm32cube.ide.mcu.externaltools.gnu-tools-for-stm32.11.3.rel1.win32_1.1.100.202309141235/tools/bin/../lib/gcc/arm-none-eabi/11.3.1/../../../../arm-none-eabi/lib/thumb/v7e-m/nofp\libc_nano.a(libc_a-fwalk.o)
                              D:/ST/STM32CubeIDE_1.14.0/STM32CubeIDE/plugins/com.st.stm32cube.ide.mcu.externaltools.gnu-tools-for-stm32.11.3.rel1.win32_1.1.100.202309141235/tools/bin/../lib/gcc/arm-none-eabi/11.3.1/../../../../arm-none-eabi/lib/thumb/v7e-m/nofp\libc_nano.a(libc_a-findfp.o) (_fwalk_sglue)
D:/ST/STM32CubeIDE_1.14.0/STM32CubeIDE/plugins/com.st.stm32cube.ide.mcu.externaltools.gnu-tools-for-stm32.11.3.rel1.win32_1.1.100.202309141235/tools/bin/../lib/gcc/arm-none-eabi/11.3.1/../../../../arm-none-eabi/lib/thumb/v7e-m/nofp\libc_nano.a(libc_a-stdio.o)
                              D:/ST/STM32CubeIDE_1.14.0/STM32CubeIDE/plugins/com.st.stm32cube.ide.mcu.externaltools.gnu-tools-for-stm32.11.3.rel1.win32_1.1.100.202309141235/tools/bin/../lib/gcc/arm-none-eabi/11.3.1/../../../../arm-none-eabi/lib/thumb/v7e-m/nofp\libc_nano.a(libc_a-findfp.o) (__sread)
D:/ST/STM32CubeIDE_1.14.0/STM32CubeIDE/plugins/com.st.stm32cube.ide.mcu.externaltools.gnu-tools-for-stm32.11.3.rel1.win32_1.1.100.202309141235/tools/bin/../lib/gcc/arm-none-eabi/11.3.1/../../../../arm-none-eabi/lib/thumb/v7e-m/nofp\libc_nano.a(libc_a-memset.o)
                              D:/ST/STM32CubeIDE_1.14.0/STM32CubeIDE/plugins/com.st.stm32cube.ide.mcu.externaltools.gnu-tools-for-stm32.11.3.rel1.win32_1.1.100.202309141235/tools/bin/../lib/gcc/arm-none-eabi/11.3.1/../../../../arm-none-eabi/lib/thumb/v7e-m/nofp/crt0.o (memset)
D:/ST/STM32CubeIDE_1.14.0/STM32CubeIDE/plugins/com.st.stm32cube.ide.mcu.externaltools.gnu-tools-for-stm32.11.3.rel1.win32_1.1.100.202309141235/tools/bin/../lib/gcc/arm-none-eabi/11.3.1/../../../../arm-none-eabi/lib/thumb/v7e-m/nofp\libc_nano.a(libc_a-closer.o)
                              D:/ST/STM32CubeIDE_1.14.0/STM32CubeIDE/plugins/com.st.stm32cube.ide.mcu.externaltools.gnu-tools-for-stm32.11.3.rel1.win32_1.1.100.202309141235/tools/bin/../lib/gcc/arm-none-eabi/11.3.1/../../../../arm-none-eabi/lib/thumb/v7e-m/nofp\libc_nano.a(libc_a-stdio.o) (_close_r)
D:/ST/STM32CubeIDE_1.14.0/STM32CubeIDE/plugins/com.st.stm32cube.ide.mcu.externaltools.gnu-tools-for-stm32.11.3.rel1.win32_1.1.100.202309141235/tools/bin/../lib/gcc/arm-none-eabi/11.3.1/../../../../arm-none-eabi/lib/thumb/v7e-m/nofp\libc_nano.a(libc_a-reent.o)
                              D:/ST/STM32CubeIDE_1.14.0/STM32CubeIDE/plugins/com.st.stm32cube.ide.mcu.externaltools.gnu-tools-for-stm32.11.3.rel1.win32_1.1.100.202309141235/tools/bin/../lib/gcc/arm-none-eabi/11.3.1/../../../../arm-none-eabi/lib/thumb/v7e-m/nofp\libc_nano.a(libc_a-closer.o) (errno)
D:/ST/STM32CubeIDE_1.14.0/STM32CubeIDE/plugins/com.st.stm32cube.ide.mcu.externaltools.gnu-tools-for-stm32.11.3.rel1.win32_1.1.100.202309141235/tools/bin/../lib/gcc/arm-none-eabi/11.3.1/../../../../arm-none-eabi/lib/thumb/v7e-m/nofp\libc_nano.a(libc_a-impure.o)
                              D:/ST/STM32CubeIDE_1.14.0/STM32CubeIDE/plugins/com.st.stm32cube.ide.mcu.externaltools.gnu-tools-for-stm32.11.3.rel1.win32_1.1.100.202309141235/tools/bin/../lib/gcc/arm-none-eabi/11.3.1/../../../../arm-none-eabi/lib/thumb/v7e-m/nofp\libc_nano.a(libc_a-rand.o) (_impure_ptr)
[...]
Memory Configuration

Name             Origin             Length             Attributes
CCMRAM           0x0000000010000000 0x0000000000010000 xrw
RAM              0x0000000020000000 0x0000000000020000 xrw
FLASH            0x0000000008000000 0x0000000000100000 xr
*default*        0x0000000000000000 0xffffffffffffffff

Linker script and memory map

LOAD D:/ST/STM32CubeIDE_1.14.0/STM32CubeIDE/plugins/com.st.stm32cube.ide.mcu.externaltools.gnu-tools-for-stm32.11.3.rel1.win32_1.1.100.202309141235/tools/bin/../lib/gcc/arm-none-eabi/11.3.1/thumb/v7e-m/nofp/crti.o
LOAD D:/ST/STM32CubeIDE_1.14.0/STM32CubeIDE/plugins/com.st.stm32cube.ide.mcu.externaltools.gnu-tools-for-stm32.11.3.rel1.win32_1.1.100.202309141235/tools/bin/../lib/gcc/arm-none-eabi/11.3.1/thumb/v7e-m/nofp/crtbegin.o
LOAD D:/ST/STM32CubeIDE_1.14.0/STM32CubeIDE/plugins/com.st.stm32cube.ide.mcu.externaltools.gnu-tools-for-stm32.11.3.rel1.win32_1.1.100.202309141235/tools/bin/../lib/gcc/arm-none-eabi/11.3.1/../../../../arm-none-eabi/lib/thumb/v7e-m/nofp/crt0.o
LOAD ./APPLICATION/Src/circular_buffer.o
LOAD ./APPLICATION/Src/i2c_gyro_data_handle.o
LOAD ./APPLICATION/Src/log_data.o
LOAD ./APPLICATION/Src/spi_frame_simulate.o
LOAD ./APPLICATION/Src/spi_loopback_feature.o
LOAD ./ECUAL/Src/gpio.o
LOAD ./ECUAL/Src/i2c.o
LOAD ./ECUAL/Src/spi.o
LOAD ./ECUAL/Src/uart.o
LOAD ./MCAL/Src/gpio_stm32.o
LOAD ./MCAL/Src/i2c_stm32.o
LOAD ./MCAL/Src/peripheral_clock.o
LOAD ./MCAL/Src/spi_stm32.o
LOAD ./MCAL/Src/uart_stm32.o
LOAD ./Src/main.o
LOAD ./Src/syscalls.o
LOAD ./Src/sysmem.o
LOAD ./Startup/startup_stm32f407vgtx.o
START GROUP
LOAD D:/ST/STM32CubeIDE_1.14.0/STM32CubeIDE/plugins/com.st.stm32cube.ide.mcu.externaltools.gnu-tools-for-stm32.11.3.rel1.win32_1.1.100.202309141235/tools/bin/../lib/gcc/arm-none-eabi/11.3.1/../../../../arm-none-eabi/lib/thumb/v7e-m/nofp\libc_nano.a
LOAD D:/ST/STM32CubeIDE_1.14.0/STM32CubeIDE/plugins/com.st.stm32cube.ide.mcu.externaltools.gnu-tools-for-stm32.11.3.rel1.win32_1.1.100.202309141235/tools/bin/../lib/gcc/arm-none-eabi/11.3.1/../../../../arm-none-eabi/lib/thumb/v7e-m/nofp\libm.a
END GROUP
START GROUP
LOAD D:/ST/STM32CubeIDE_1.14.0/STM32CubeIDE/plugins/com.st.stm32cube.ide.mcu.externaltools.gnu-tools-for-stm32.11.3.rel1.win32_1.1.100.202309141235/tools/bin/../lib/gcc/arm-none-eabi/11.3.1/thumb/v7e-m/nofp\libgcc.a
LOAD D:/ST/STM32CubeIDE_1.14.0/STM32CubeIDE/plugins/com.st.stm32cube.ide.mcu.externaltools.gnu-tools-for-stm32.11.3.rel1.win32_1.1.100.202309141235/tools/bin/../lib/gcc/arm-none-eabi/11.3.1/../../../../arm-none-eabi/lib/thumb/v7e-m/nofp\libc_nano.a
END GROUP
START GROUP
LOAD D:/ST/STM32CubeIDE_1.14.0/STM32CubeIDE/plugins/com.st.stm32cube.ide.mcu.externaltools.gnu-tools-for-stm32.11.3.rel1.win32_1.1.100.202309141235/tools/bin/../lib/gcc/arm-none-eabi/11.3.1/thumb/v7e-m/nofp\libgcc.a
LOAD D:/ST/STM32CubeIDE_1.14.0/STM32CubeIDE/plugins/com.st.stm32cube.ide.mcu.externaltools.gnu-tools-for-stm32.11.3.rel1.win32_1.1.100.202309141235/tools/bin/../lib/gcc/arm-none-eabi/11.3.1/../../../../arm-none-eabi/lib/thumb/v7e-m/nofp\libc_nano.a
LOAD D:/ST/STM32CubeIDE_1.14.0/STM32CubeIDE/plugins/com.st.stm32cube.ide.mcu.externaltools.gnu-tools-for-stm32.11.3.rel1.win32_1.1.100.202309141235/tools/bin/../lib/gcc/arm-none-eabi/11.3.1/../../../../arm-none-eabi/lib/thumb/v7e-m/nofp\libnosys.a
END GROUP
START GROUP
LOAD D:/ST/STM32CubeIDE_1.14.0/STM32CubeIDE/plugins/com.st.stm32cube.ide.mcu.externaltools.gnu-tools-for-stm32.11.3.rel1.win32_1.1.100.202309141235/tools/bin/../lib/gcc/arm-none-eabi/11.3.1/thumb/v7e-m/nofp\libgcc.a
LOAD D:/ST/STM32CubeIDE_1.14.0/STM32CubeIDE/plugins/com.st.stm32cube.ide.mcu.externaltools.gnu-tools-for-stm32.11.3.rel1.win32_1.1.100.202309141235/tools/bin/../lib/gcc/arm-none-eabi/11.3.1/../../../../arm-none-eabi/lib/thumb/v7e-m/nofp\libc_nano.a
LOAD D:/ST/STM32CubeIDE_1.14.0/STM32CubeIDE/plugins/com.st.stm32cube.ide.mcu.externaltools.gnu-tools-for-stm32.11.3.rel1.win32_1.1.100.202309141235/tools/bin/../lib/gcc/arm-none-eabi/11.3.1/../../../../arm-none-eabi/lib/thumb/v7e-m/nofp\libnosys.a
END GROUP
LOAD D:/ST/STM32CubeIDE_1.14.0/STM32CubeIDE/plugins/com.st.stm32cube.ide.mcu.externaltools.gnu-tools-for-stm32.11.3.rel1.win32_1.1.100.202309141235/tools/bin/../lib/gcc/arm-none-eabi/11.3.1/thumb/v7e-m/nofp/crtend.o
LOAD D:/ST/STM32CubeIDE_1.14.0/STM32CubeIDE/plugins/com.st.stm32cube.ide.mcu.externaltools.gnu-tools-for-stm32.11.3.rel1.win32_1.1.100.202309141235/tools/bin/../lib/gcc/arm-none-eabi/11.3.1/thumb/v7e-m/nofp/crtn.o
                0x0000000020020000                _estack = (ORIGIN (RAM) + LENGTH (RAM))
                0x0000000000000200                _Min_Heap_Size = 0x200
                0x0000000000000400                _Min_Stack_Size = 0x400

.isr_vector     0x0000000008000000      0x188
                0x0000000008000000                . = ALIGN (0x4)
 *(.isr_vector)
 .isr_vector    0x0000000008000000      0x188 ./Startup/startup_stm32f407vgtx.o
                0x0000000008000000                g_pfnVectors
                0x0000000008000188                . = ALIGN (0x4)

.text           0x0000000008000190     0x2358
                0x0000000008000190                . = ALIGN (0x4)
 *(.text)
 .text          0x0000000008000190       0x40 D:/ST/STM32CubeIDE_1.14.0/STM32CubeIDE/plugins/com.st.stm32cube.ide.mcu.externaltools.gnu-tools-for-stm32.11.3.rel1.win32_1.1.100.202309141235/tools/bin/../lib/gcc/arm-none-eabi/11.3.1/thumb/v7e-m/nofp/crtbegin.o
 .text          0x00000000080001d0       0xa0 D:/ST/STM32CubeIDE_1.14.0/STM32CubeIDE/plugins/com.st.stm32cube.ide.mcu.externaltools.gnu-tools-for-stm32.11.3.rel1.win32_1.1.100.202309141235/tools/bin/../lib/gcc/arm-none-eabi/11.3.1/../../../../arm-none-eabi/lib/thumb/v7e-m/nofp\libc_nano.a(libc_a-memchr.o)
                0x00000000080001d0                memchr
 *(.text*)
 .text.cb_init  0x0000000008000270       0x22 ./APPLICATION/Src/circular_buffer.o
                0x0000000008000270                cb_init
 .text.cb_push  0x0000000008000292       0x70 ./APPLICATION/Src/circular_buffer.o
                0x0000000008000292                cb_push
 .text.cb_pop   0x0000000008000302       0x5a ./APPLICATION/Src/circular_buffer.o
                0x0000000008000302                cb_pop
 .text.cb_push_gyro
                0x000000000800035c       0x90 ./APPLICATION/Src/circular_buffer.o
                0x000000000800035c                cb_push_gyro
 .text.cb_pop_gyro
                0x00000000080003ec       0x5c ./APPLICATION/Src/circular_buffer.o
                0x00000000080003ec                cb_pop_gyro
 .text.i2c_gyro_sensor_read
                0x0000000008000448       0x96 ./APPLICATION/Src/i2c_gyro_data_handle.o
                0x0000000008000448                i2c_gyro_sensor_read
 *fill*         0x00000000080004de        0x2 
 .text.log_data
                0x00000000080004e0       0x80 ./APPLICATION/Src/log_data.o
                0x00000000080004e0                log_data
 .text.i2c_gyro_log_data
                0x0000000008000560       0xc4 ./APPLICATION/Src/log_data.o
                0x0000000008000560                i2c_gyro_log_data
 .text.spi_fame_simulate
                0x0000000008000624       0x40 ./APPLICATION/Src/spi_frame_simulate.o
                0x0000000008000624                spi_fame_simulate
 .text.spi_loopback_test
                0x0000000008000664       0x24 ./APPLICATION/Src/spi_loopback_feature.o
                0x0000000008000664                spi_loopback_test
 .text.gpio_user_cfg_init
                0x0000000008000688       0x84 ./ECUAL/Src/gpio.o
                0x0000000008000688                gpio_user_cfg_init
 .text.gpio_init
                0x000000000800070c       0x16 ./ECUAL/Src/gpio.o
                0x000000000800070c                gpio_init
 .text.i2c_init
                0x0000000008000722        0xc ./ECUAL/Src/i2c.o
                0x0000000008000722                i2c_init
 .text.i2c_master_read_data
                0x000000000800072e       0x2a ./ECUAL/Src/i2c.o
                0x000000000800072e                i2c_master_read_data
 .text.spi_init
                0x0000000008000758        0xc ./ECUAL/Src/spi.o
                0x0000000008000758                spi_init
 .text.spi_send_frame
                0x0000000008000764       0x1a ./ECUAL/Src/spi.o
                0x0000000008000764                spi_send_frame
 .text.usart_init
                0x000000000800077e        0xc ./ECUAL/Src/uart.o
                0x000000000800077e                usart_init
 .text.usart_send_char
                0x000000000800078a       0x1e ./ECUAL/Src/uart.o
                0x000000000800078a                usart_send_char
 .text.usart_send_string
                0x00000000080007a8       0x1a ./ECUAL/Src/uart.o
                0x00000000080007a8                usart_send_string
 .text.usart_send_hex
                0x00000000080007c2       0x1a ./ECUAL/Src/uart.o
                0x00000000080007c2                usart_send_hex
 .text.gpio_stm32_init
                0x00000000080007dc      0x184 ./MCAL/Src/gpio_stm32.o
                0x00000000080007dc                gpio_stm32_init
 .text.i2c_stm32_init
                0x0000000008000960      0x1f8 ./MCAL/Src/i2c_stm32.o
                0x0000000008000960                i2c_stm32_init
 .text.i2c_stm32_master_read_data
                0x0000000008000b58      0x1ac ./MCAL/Src/i2c_stm32.o
                0x0000000008000b58                i2c_stm32_master_read_data
 .text.I2C1_EV_IRQHandler
                0x0000000008000d04       0x1c ./MCAL/Src/i2c_stm32.o
                0x0000000008000d04                I2C1_EV_IRQHandler
 .text.get_pclk_value
                0x0000000008000d20       0xb0 ./MCAL/Src/peripheral_clock.o
                0x0000000008000d20                get_pclk_value
 .text.RCC_GetPLL_Output_Clk
                0x0000000008000dd0        0xc ./MCAL/Src/peripheral_clock.o
                0x0000000008000dd0                RCC_GetPLL_Output_Clk
 .text.spi_stm32_init
                0x0000000008000ddc       0xd8 ./MCAL/Src/spi_stm32.o
                0x0000000008000ddc                spi_stm32_init
 .text.spi_stm32_send_frame
                0x0000000008000eb4       0xb4 ./MCAL/Src/spi_stm32.o
                0x0000000008000eb4                spi_stm32_send_frame
 .text.spi2_irq_enable
                0x0000000008000f68       0x1c ./MCAL/Src/spi_stm32.o
                0x0000000008000f68                spi2_irq_enable
 .text.SPI2_IRQHandler
                0x0000000008000f84       0x54 ./MCAL/Src/spi_stm32.o
                0x0000000008000f84                SPI2_IRQHandler
 .text.usart_stm32_init
                0x0000000008000fd8       0x90 ./MCAL/Src/uart_stm32.o
                0x0000000008000fd8                usart_stm32_init
 .text.usart_set_baudrate
                0x0000000008001068       0xc4 ./MCAL/Src/uart_stm32.o
                0x0000000008001068                usart_set_baudrate
 .text.usart_stm32_send_char
                0x000000000800112c       0x3a ./MCAL/Src/uart_stm32.o
                0x000000000800112c                usart_stm32_send_char
 .text.usart_stm32_send_string
                0x0000000008001166       0x2e ./MCAL/Src/uart_stm32.o
                0x0000000008001166                usart_stm32_send_string
 .text.usart_stm32_send_hex
                0x0000000008001194       0x70 ./MCAL/Src/uart_stm32.o
                0x0000000008001194                usart_stm32_send_hex
 .text.enable_usart2_irq
                0x0000000008001204       0x18 ./MCAL/Src/uart_stm32.o
                0x0000000008001204                enable_usart2_irq
 .text.USART2_IRQHandler
                0x000000000800121c       0x34 ./MCAL/Src/uart_stm32.o
                0x000000000800121c                USART2_IRQHandler
 .text.sw_delay
                0x0000000008001250       0x2c ./Src/main.o
                0x0000000008001250                sw_delay
 .text.main     0x000000000800127c       0xc4 ./Src/main.o
                0x000000000800127c                main
 .text._getpid  0x0000000008001340        0xe ./Src/syscalls.o
                0x0000000008001340                _getpid
 .text._kill    0x000000000800134e       0x20 ./Src/syscalls.o
                0x000000000800134e                _kill
 .text._exit    0x000000000800136e       0x14 ./Src/syscalls.o
                0x000000000800136e                _exit
 .text._read    0x0000000008001382       0x3a ./Src/syscalls.o
                0x0000000008001382                _read
 .text._write   0x00000000080013bc       0x38 ./Src/syscalls.o
                0x00000000080013bc                _write
 .text._close   0x00000000080013f4       0x16 ./Src/syscalls.o
                0x00000000080013f4                _close
 .text._fstat   0x000000000800140a       0x1e ./Src/syscalls.o
                0x000000000800140a                _fstat
 .text._isatty  0x0000000008001428       0x14 ./Src/syscalls.o
                0x0000000008001428                _isatty
 .text._lseek   0x000000000800143c       0x18 ./Src/syscalls.o
                0x000000000800143c                _lseek
 .text._sbrk    0x0000000008001454       0x6c ./Src/sysmem.o
                0x0000000008001454                _sbrk
 .text.Reset_Handler
                0x00000000080014c0       0x50 ./Startup/startup_stm32f407vgtx.o
                0x00000000080014c0                Reset_Handler
 .text.Default_Handler
                0x0000000008001510        0x2 ./Startup/startup_stm32f407vgtx.o
                0x0000000008001510                RTC_Alarm_IRQHandler
                0x0000000008001510                HASH_RNG_IRQHandler
                0x0000000008001510                EXTI2_IRQHandler
                0x0000000008001510                TIM8_CC_IRQHandler
                0x0000000008001510                DebugMon_Handler
                0x0000000008001510                TIM1_CC_IRQHandler
                0x0000000008001510                DMA2_Stream5_IRQHandler
                0x0000000008001510                HardFault_Handler
                0x0000000008001510                DMA1_Stream5_IRQHandler
                0x0000000008001510                SysTick_Handler
                0x0000000008001510                PVD_IRQHandler
                0x0000000008001510                SDIO_IRQHandler
                0x0000000008001510                TAMP_STAMP_IRQHandler
                0x0000000008001510                PendSV_Handler
                0x0000000008001510                NMI_Handler
                0x0000000008001510                CAN2_RX1_IRQHandler
                0x0000000008001510                EXTI3_IRQHandler
                0x0000000008001510                TIM8_TRG_COM_TIM14_IRQHandler
                0x0000000008001510                TIM1_UP_TIM10_IRQHandler
                0x0000000008001510                TIM8_UP_TIM13_IRQHandler
                0x0000000008001510                I2C3_ER_IRQHandler
                0x0000000008001510                EXTI0_IRQHandler
                0x0000000008001510                I2C2_EV_IRQHandler
                0x0000000008001510                DMA1_Stream2_IRQHandler
                0x0000000008001510                CAN1_RX0_IRQHandler
                0x0000000008001510                FPU_IRQHandler
                0x0000000008001510                OTG_HS_WKUP_IRQHandler
                0x0000000008001510                UsageFault_Handler
                0x0000000008001510                CAN2_SCE_IRQHandler
                0x0000000008001510                DMA2_Stream2_IRQHandler
                0x0000000008001510                SPI1_IRQHandler
                0x0000000008001510                TIM6_DAC_IRQHandler
                0x0000000008001510                TIM1_BRK_TIM9_IRQHandler
                0x0000000008001510                DCMI_IRQHandler
                0x0000000008001510                CAN2_RX0_IRQHandler
                0x0000000008001510                DMA2_Stream3_IRQHandler
                0x0000000008001510                USART6_IRQHandler
                0x0000000008001510                USART3_IRQHandler
                0x0000000008001510                CRYP_IRQHandler
                0x0000000008001510                CAN1_RX1_IRQHandler
                0x0000000008001510                UART5_IRQHandler
                0x0000000008001510                DMA2_Stream0_IRQHandler
                0x0000000008001510                TIM4_IRQHandler
                0x0000000008001510                DMA1_Stream6_IRQHandler
                0x0000000008001510                DMA1_Stream1_IRQHandler
                0x0000000008001510                UART4_IRQHandler
                0x0000000008001510                TIM3_IRQHandler
                0x0000000008001510                RCC_IRQHandler
                0x0000000008001510                TIM8_BRK_TIM12_IRQHandler
                0x0000000008001510                Default_Handler
                0x0000000008001510                EXTI15_10_IRQHandler
                0x0000000008001510                ADC_IRQHandler
                0x0000000008001510                DMA1_Stream7_IRQHandler
                0x0000000008001510                TIM7_IRQHandler
                0x0000000008001510                CAN2_TX_IRQHandler
                0x0000000008001510                TIM5_IRQHandler
                0x0000000008001510                DMA2_Stream7_IRQHandler
                0x0000000008001510                I2C3_EV_IRQHandler
                0x0000000008001510                EXTI9_5_IRQHandler
                0x0000000008001510                RTC_WKUP_IRQHandler
                0x0000000008001510                ETH_WKUP_IRQHandler
                0x0000000008001510                OTG_HS_EP1_IN_IRQHandler
                0x0000000008001510                MemManage_Handler
                0x0000000008001510                DMA1_Stream0_IRQHandler
                0x0000000008001510                CAN1_TX_IRQHandler
                0x0000000008001510                SVC_Handler
                0x0000000008001510                EXTI4_IRQHandler
                0x0000000008001510                FSMC_IRQHandler
                0x0000000008001510                ETH_IRQHandler
                0x0000000008001510                OTG_HS_EP1_OUT_IRQHandler
                0x0000000008001510                WWDG_IRQHandler
                0x0000000008001510                TIM2_IRQHandler
                0x0000000008001510                OTG_FS_WKUP_IRQHandler
                0x0000000008001510                TIM1_TRG_COM_TIM11_IRQHandler
                0x0000000008001510                OTG_HS_IRQHandler
                0x0000000008001510                EXTI1_IRQHandler
                0x0000000008001510                I2C2_ER_IRQHandler
                0x0000000008001510                DMA2_Stream1_IRQHandler
                0x0000000008001510                CAN1_SCE_IRQHandler
                0x0000000008001510                DMA2_Stream4_IRQHandler
                0x0000000008001510                BusFault_Handler
                0x0000000008001510                USART1_IRQHandler
                0x0000000008001510                OTG_FS_IRQHandler
                0x0000000008001510                SPI3_IRQHandler
                0x0000000008001510                DMA1_Stream4_IRQHandler
                0x0000000008001510                I2C1_ER_IRQHandler
                0x0000000008001510                DMA2_Stream6_IRQHandler
                0x0000000008001510                DMA1_Stream3_IRQHandler
 *fill*         0x0000000008001512        0x2 
 .text.rand     0x0000000008001514       0x7c D:/ST/STM32CubeIDE_1.14.0/STM32CubeIDE/plugins/com.st.stm32cube.ide.mcu.externaltools.gnu-tools-for-stm32.11.3.rel1.win32_1.1.100.202309141235/tools/bin/../lib/gcc/arm-none-eabi/11.3.1/../../../../arm-none-eabi/lib/thumb/v7e-m/nofp\libc_nano.a(libc_a-rand.o)
                0x0000000008001514                rand
 .text.std      0x0000000008001590       0x6c D:/ST/STM32CubeIDE_1.14.0/STM32CubeIDE/plugins/com.st.stm32cube.ide.mcu.externaltools.gnu-tools-for-stm32.11.3.rel1.win32_1.1.100.202309141235/tools/bin/../lib/gcc/arm-none-eabi/11.3.1/../../../../arm-none-eabi/lib/thumb/v7e-m/nofp\libc_nano.a(libc_a-findfp.o)
 .text.stdio_exit_handler
                0x00000000080015fc       0x18 D:/ST/STM32CubeIDE_1.14.0/STM32CubeIDE/plugins/com.st.stm32cube.ide.mcu.externaltools.gnu-tools-for-stm32.11.3.rel1.win32_1.1.100.202309141235/tools/bin/../lib/gcc/arm-none-eabi/11.3.1/../../../../arm-none-eabi/lib/thumb/v7e-m/nofp\libc_nano.a(libc_a-findfp.o)
 .text.cleanup_stdio
                0x0000000008001614       0x40 D:/ST/STM32CubeIDE_1.14.0/STM32CubeIDE/plugins/com.st.stm32cube.ide.mcu.externaltools.gnu-tools-for-stm32.11.3.rel1.win32_1.1.100.202309141235/tools/bin/../lib/gcc/arm-none-eabi/11.3.1/../../../../arm-none-eabi/lib/thumb/v7e-m/nofp\libc_nano.a(libc_a-findfp.o)
 .text.global_stdio_init.part.0
                0x0000000008001654       0x3c D:/ST/STM32CubeIDE_1.14.0/STM32CubeIDE/plugins/com.st.stm32cube.ide.mcu.externaltools.gnu-tools-for-stm32.11.3.rel1.win32_1.1.100.202309141235/tools/bin/../lib/gcc/arm-none-eabi/11.3.1/../../../../arm-none-eabi/lib/thumb/v7e-m/nofp\libc_nano.a(libc_a-findfp.o)
 .text.__sfp_lock_acquire
                0x0000000008001690        0xc D:/ST/STM32CubeIDE_1.14.0/STM32CubeIDE/plugins/com.st.stm32cube.ide.mcu.externaltools.gnu-tools-for-stm32.11.3.rel1.win32_1.1.100.202309141235/tools/bin/../lib/gcc/arm-none-eabi/11.3.1/../../../../arm-none-eabi/lib/thumb/v7e-m/nofp\libc_nano.a(libc_a-findfp.o)
                0x0000000008001690                __sfp_lock_acquire
 .text.__sfp_lock_release
                0x000000000800169c        0xc D:/ST/STM32CubeIDE_1.14.0/STM32CubeIDE/plugins/com.st.stm32cube.ide.mcu.externaltools.gnu-tools-for-stm32.11.3.rel1.win32_1.1.100.202309141235/tools/bin/../lib/gcc/arm-none-eabi/11.3.1/../../../../arm-none-eabi/lib/thumb/v7e-m/nofp\libc_nano.a(libc_a-findfp.o)
                0x000000000800169c                __sfp_lock_release
 .text.__sinit  0x00000000080016a8       0x30 D:/ST/STM32CubeIDE_1.14.0/STM32CubeIDE/plugins/com.st.stm32cube.ide.mcu.externaltools.gnu-tools-for-stm32.11.3.rel1.win32_1.1.100.202309141235/tools/bin/../lib/gcc/arm-none-eabi/11.3.1/../../../../arm-none-eabi/lib/thumb/v7e-m/nofp\libc_nano.a(libc_a-findfp.o)
                0x00000000080016a8                __sinit
 .text._fwalk_sglue
                0x00000000080016d8       0x3c D:/ST/STM32CubeIDE_1.14.0/STM32CubeIDE/plugins/com.st.stm32cube.ide.mcu.externaltools.gnu-tools-for-stm32.11.3.rel1.win32_1.1.100.202309141235/tools/bin/../lib/gcc/arm-none-eabi/11.3.1/../../../../arm-none-eabi/lib/thumb/v7e-m/nofp\libc_nano.a(libc_a-fwalk.o)
                0x00000000080016d8                _fwalk_sglue
 .text.__sread  0x0000000008001714       0x22 D:/ST/STM32CubeIDE_1.14.0/STM32CubeIDE/plugins/com.st.stm32cube.ide.mcu.externaltools.gnu-tools-for-stm32.11.3.rel1.win32_1.1.100.202309141235/tools/bin/../lib/gcc/arm-none-eabi/11.3.1/../../../../arm-none-eabi/lib/thumb/v7e-m/nofp\libc_nano.a(libc_a-stdio.o)
                0x0000000008001714                __sread
 .text.__swrite
                0x0000000008001736       0x38 D:/ST/STM32CubeIDE_1.14.0/STM32CubeIDE/plugins/com.st.stm32cube.ide.mcu.externaltools.gnu-tools-for-stm32.11.3.rel1.win32_1.1.100.202309141235/tools/bin/../lib/gcc/arm-none-eabi/11.3.1/../../../../arm-none-eabi/lib/thumb/v7e-m/nofp\libc_nano.a(libc_a-stdio.o)
                0x0000000008001736                __swrite
 .text.__sseek  0x000000000800176e       0x24 D:/ST/STM32CubeIDE_1.14.0/STM32CubeIDE/plugins/com.st.stm32cube.ide.mcu.externaltools.gnu-tools-for-stm32.11.3.rel1.win32_1.1.100.202309141235/tools/bin/../lib/gcc/arm-none-eabi/11.3.1/../../../../arm-none-eabi/lib/thumb/v7e-m/nofp\libc_nano.a(libc_a-stdio.o)
                0x000000000800176e                __sseek
 .text.__sclose
                0x0000000008001792        0x8 D:/ST/STM32CubeIDE_1.14.0/STM32CubeIDE/plugins/com.st.stm32cube.ide.mcu.externaltools.gnu-tools-for-stm32.11.3.rel1.win32_1.1.100.202309141235/tools/bin/../lib/gcc/arm-none-eabi/11.3.1/../../../../arm-none-eabi/lib/thumb/v7e-m/nofp\libc_nano.a(libc_a-stdio.o)
                0x0000000008001792                __sclose
 .text.memset   0x000000000800179a       0x10 D:/ST/STM32CubeIDE_1.14.0/STM32CubeIDE/plugins/com.st.stm32cube.ide.mcu.externaltools.gnu-tools-for-stm32.11.3.rel1.win32_1.1.100.202309141235/tools/bin/../lib/gcc/arm-none-eabi/11.3.1/../../../../arm-none-eabi/lib/thumb/v7e-m/nofp\libc_nano.a(libc_a-memset.o)
                0x000000000800179a                memset
 *fill*         0x00000000080017aa        0x2 
 .text._close_r
                0x00000000080017ac       0x20 D:/ST/STM32CubeIDE_1.14.0/STM32CubeIDE/plugins/com.st.stm32cube.ide.mcu.externaltools.gnu-tools-for-stm32.11.3.rel1.win32_1.1.100.202309141235/tools/bin/../lib/gcc/arm-none-eabi/11.3.1/../../../../arm-none-eabi/lib/thumb/v7e-m/nofp\libc_nano.a(libc_a-closer.o)
                0x00000000080017ac                _close_r
 .text._lseek_r
                0x00000000080017cc       0x24 D:/ST/STM32CubeIDE_1.14.0/STM32CubeIDE/plugins/com.st.stm32cube.ide.mcu.externaltools.gnu-tools-for-stm32.11.3.rel1.win32_1.1.100.202309141235/tools/bin/../lib/gcc/arm-none-eabi/11.3.1/../../../../arm-none-eabi/lib/thumb/v7e-m/nofp\libc_nano.a(libc_a-lseekr.o)
                0x00000000080017cc                _lseek_r
 .text._read_r  0x00000000080017f0       0x24 D:/ST/STM32CubeIDE_1.14.0/STM32CubeIDE/plugins/com.st.stm32cube.ide.mcu.externaltools.gnu-tools-for-stm32.11.3.rel1.win32_1.1.100.202309141235/tools/bin/../lib/gcc/arm-none-eabi/11.3.1/../../../../arm-none-eabi/lib/thumb/v7e-m/nofp\libc_nano.a(libc_a-readr.o)
                0x00000000080017f0                _read_r
 .text._write_r
                0x0000000008001814       0x24 D:/ST/STM32CubeIDE_1.14.0/STM32CubeIDE/plugins/com.st.stm32cube.ide.mcu.externaltools.gnu-tools-for-stm32.11.3.rel1.win32_1.1.100.202309141235/tools/bin/../lib/gcc/arm-none-eabi/11.3.1/../../../../arm-none-eabi/lib/thumb/v7e-m/nofp\libc_nano.a(libc_a-writer.o)
                0x0000000008001814                _write_r
 .text.__errno  0x0000000008001838        0xc D:/ST/STM32CubeIDE_1.14.0/STM32CubeIDE/plugins/com.st.stm32cube.ide.mcu.externaltools.gnu-tools-for-stm32.11.3.rel1.win32_1.1.100.202309141235/tools/bin/../lib/gcc/arm-none-eabi/11.3.1/../../../../arm-none-eabi/lib/thumb/v7e-m/nofp\libc_nano.a(libc_a-errno.o)
                0x0000000008001838                __errno
 .text.__libc_init_array
                0x0000000008001844       0x48 D:/ST/STM32CubeIDE_1.14.0/STM32CubeIDE/plugins/com.st.stm32cube.ide.mcu.externaltools.gnu-tools-for-stm32.11.3.rel1.win32_1.1.100.202309141235/tools/bin/../lib/gcc/arm-none-eabi/11.3.1/../../../../arm-none-eabi/lib/thumb/v7e-m/nofp\libc_nano.a(libc_a-init.o)
                0x0000000008001844                __libc_init_array
 .text.__retarget_lock_init_recursive
                0x000000000800188c        0x2 D:/ST/STM32CubeIDE_1.14.0/STM32CubeIDE/plugins/com.st.stm32cube.ide.mcu.externaltools.gnu-tools-for-stm32.11.3.rel1.win32_1.1.100.202309141235/tools/bin/../lib/gcc/arm-none-eabi/11.3.1/../../../../arm-none-eabi/lib/thumb/v7e-m/nofp\libc_nano.a(libc_a-lock.o)
                0x000000000800188c                __retarget_lock_init_recursive
 .text.__retarget_lock_acquire_recursive
                0x000000000800188e        0x2 D:/ST/STM32CubeIDE_1.14.0/STM32CubeIDE/plugins/com.st.stm32cube.ide.mcu.externaltools.gnu-tools-for-stm32.11.3.rel1.win32_1.1.100.202309141235/tools/bin/../lib/gcc/arm-none-eabi/11.3.1/../../../../arm-none-eabi/lib/thumb/v7e-m/nofp\libc_nano.a(libc_a-lock.o)
                0x000000000800188e                __retarget_lock_acquire_recursive
 .text.__retarget_lock_release_recursive
                0x0000000008001890        0x2 D:/ST/STM32CubeIDE_1.14.0/STM32CubeIDE/plugins/com.st.stm32cube.ide.mcu.externaltools.gnu-tools-for-stm32.11.3.rel1.win32_1.1.100.202309141235/tools/bin/../lib/gcc/arm-none-eabi/11.3.1/../../../../arm-none-eabi/lib/thumb/v7e-m/nofp\libc_nano.a(libc_a-lock.o)
                0x0000000008001890                __retarget_lock_release_recursive
 *fill*         0x0000000008001892        0x2 
 .text.__assert_func
                0x0000000008001894       0x3c D:/ST/STM32CubeIDE_1.14.0/STM32CubeIDE/plugins/com.st.stm32cube.ide.mcu.externaltools.gnu-tools-for-stm32.11.3.rel1.win32_1.1.100.202309141235/tools/bin/../lib/gcc/arm-none-eabi/11.3.1/../../../../arm-none-eabi/lib/thumb/v7e-m/nofp\libc_nano.a(libc_a-assert.o)
                0x0000000008001894                __assert_func
 .text._free_r  0x00000000080018d0       0x94 D:/ST/STM32CubeIDE_1.14.0/STM32CubeIDE/plugins/com.st.stm32cube.ide.mcu.externaltools.gnu-tools-for-stm32.11.3.rel1.win32_1.1.100.202309141235/tools/bin/../lib/gcc/arm-none-eabi/11.3.1/../../../../arm-none-eabi/lib/thumb/v7e-m/nofp\libc_nano.a(libc_a-freer.o)
                0x00000000080018d0                _free_r
 .text.malloc   0x0000000008001964       0x10 D:/ST/STM32CubeIDE_1.14.0/STM32CubeIDE/plugins/com.st.stm32cube.ide.mcu.externaltools.gnu-tools-for-stm32.11.3.rel1.win32_1.1.100.202309141235/tools/bin/../lib/gcc/arm-none-eabi/11.3.1/../../../../arm-none-eabi/lib/thumb/v7e-m/nofp\libc_nano.a(libc_a-malloc.o)
                0x0000000008001964                malloc
 .text.sbrk_aligned
                0x0000000008001974       0x40 D:/ST/STM32CubeIDE_1.14.0/STM32CubeIDE/plugins/com.st.stm32cube.ide.mcu.externaltools.gnu-tools-for-stm32.11.3.rel1.win32_1.1.100.202309141235/tools/bin/../lib/gcc/arm-none-eabi/11.3.1/../../../../arm-none-eabi/lib/thumb/v7e-m/nofp\libc_nano.a(libc_a-mallocr.o)
 .text._malloc_r
                0x00000000080019b4      0x100 D:/ST/STM32CubeIDE_1.14.0/STM32CubeIDE/plugins/com.st.stm32cube.ide.mcu.externaltools.gnu-tools-for-stm32.11.3.rel1.win32_1.1.100.202309141235/tools/bin/../lib/gcc/arm-none-eabi/11.3.1/../../../../arm-none-eabi/lib/thumb/v7e-m/nofp\libc_nano.a(libc_a-mallocr.o)
                0x00000000080019b4                _malloc_r
 .text.__malloc_lock
                0x0000000008001ab4        0xc D:/ST/STM32CubeIDE_1.14.0/STM32CubeIDE/plugins/com.st.stm32cube.ide.mcu.externaltools.gnu-tools-for-stm32.11.3.rel1.win32_1.1.100.202309141235/tools/bin/../lib/gcc/arm-none-eabi/11.3.1/../../../../arm-none-eabi/lib/thumb/v7e-m/nofp\libc_nano.a(libc_a-mlock.o)
                0x0000000008001ab4                __malloc_lock
 .text.__malloc_unlock
                0x0000000008001ac0        0xc D:/ST/STM32CubeIDE_1.14.0/STM32CubeIDE/plugins/com.st.stm32cube.ide.mcu.externaltools.gnu-tools-for-stm32.11.3.rel1.win32_1.1.100.202309141235/tools/bin/../lib/gcc/arm-none-eabi/11.3.1/../../../../arm-none-eabi/lib/thumb/v7e-m/nofp\libc_nano.a(libc_a-mlock.o)
                0x0000000008001ac0                __malloc_unlock
 .text.__sflush_r
                0x0000000008001acc      0x104 D:/ST/STM32CubeIDE_1.14.0/STM32CubeIDE/plugins/com.st.stm32cube.ide.mcu.externaltools.gnu-tools-for-stm32.11.3.rel1.win32_1.1.100.202309141235/tools/bin/../lib/gcc/arm-none-eabi/11.3.1/../../../../arm-none-eabi/lib/thumb/v7e-m/nofp\libc_nano.a(libc_a-fflush.o)
                0x0000000008001acc                __sflush_r
 .text._fflush_r
                0x0000000008001bd0       0x50 D:/ST/STM32CubeIDE_1.14.0/STM32CubeIDE/plugins/com.st.stm32cube.ide.mcu.externaltools.gnu-tools-for-stm32.11.3.rel1.win32_1.1.100.202309141235/tools/bin/../lib/gcc/arm-none-eabi/11.3.1/../../../../arm-none-eabi/lib/thumb/v7e-m/nofp\libc_nano.a(libc_a-fflush.o)
                0x0000000008001bd0                _fflush_r
 .text.fprintf  0x0000000008001c20       0x24 D:/ST/STM32CubeIDE_1.14.0/STM32CubeIDE/plugins/com.st.stm32cube.ide.mcu.externaltools.gnu-tools-for-stm32.11.3.rel1.win32_1.1.100.202309141235/tools/bin/../lib/gcc/arm-none-eabi/11.3.1/../../../../arm-none-eabi/lib/thumb/v7e-m/nofp\libc_nano.a(libc_a-fprintf.o)
                0x0000000008001c20                fiprintf
                0x0000000008001c20                fprintf
 .text._sbrk_r  0x0000000008001c44       0x20 D:/ST/STM32CubeIDE_1.14.0/STM32CubeIDE/plugins/com.st.stm32cube.ide.mcu.externaltools.gnu-tools-for-stm32.11.3.rel1.win32_1.1.100.202309141235/tools/bin/../lib/gcc/arm-none-eabi/11.3.1/../../../../arm-none-eabi/lib/thumb/v7e-m/nofp\libc_nano.a(libc_a-sbrkr.o)
                0x0000000008001c44                _sbrk_r
 .text.abort    0x0000000008001c64        0xe D:/ST/STM32CubeIDE_1.14.0/STM32CubeIDE/plugins/com.st.stm32cube.ide.mcu.externaltools.gnu-tools-for-stm32.11.3.rel1.win32_1.1.100.202309141235/tools/bin/../lib/gcc/arm-none-eabi/11.3.1/../../../../arm-none-eabi/lib/thumb/v7e-m/nofp\libc_nano.a(libc_a-abort.o)
                0x0000000008001c64                abort
 .text.__sfputc_r
                0x0000000008001c72       0x2a D:/ST/STM32CubeIDE_1.14.0/STM32CubeIDE/plugins/com.st.stm32cube.ide.mcu.externaltools.gnu-tools-for-stm32.11.3.rel1.win32_1.1.100.202309141235/tools/bin/../lib/gcc/arm-none-eabi/11.3.1/../../../../arm-none-eabi/lib/thumb/v7e-m/nofp\libc_nano.a(libc_a-nano-vfprintf.o)
 .text.__sfputs_r
                0x0000000008001c9c       0x24 D:/ST/STM32CubeIDE_1.14.0/STM32CubeIDE/plugins/com.st.stm32cube.ide.mcu.externaltools.gnu-tools-for-stm32.11.3.rel1.win32_1.1.100.202309141235/tools/bin/../lib/gcc/arm-none-eabi/11.3.1/../../../../arm-none-eabi/lib/thumb/v7e-m/nofp\libc_nano.a(libc_a-nano-vfprintf.o)
                0x0000000008001c9c                __sfputs_r
 .text._vfprintf_r
                0x0000000008001cc0      0x234 D:/ST/STM32CubeIDE_1.14.0/STM32CubeIDE/plugins/com.st.stm32cube.ide.mcu.externaltools.gnu-tools-for-stm32.11.3.rel1.win32_1.1.100.202309141235/tools/bin/../lib/gcc/arm-none-eabi/11.3.1/../../../../arm-none-eabi/lib/thumb/v7e-m/nofp\libc_nano.a(libc_a-nano-vfprintf.o)
                0x0000000008001cc0                _vfprintf_r
                0x0000000008001cc0                _vfiprintf_r
 .text._printf_common
                0x0000000008001ef4       0xda D:/ST/STM32CubeIDE_1.14.0/STM32CubeIDE/plugins/com.st.stm32cube.ide.mcu.externaltools.gnu-tools-for-stm32.11.3.rel1.win32_1.1.100.202309141235/tools/bin/../lib/gcc/arm-none-eabi/11.3.1/../../../../arm-none-eabi/lib/thumb/v7e-m/nofp\libc_nano.a(libc_a-nano-vfprintf_i.o)
                0x0000000008001ef4                _printf_common
 *fill*         0x0000000008001fce        0x2 
 .text._printf_i
                0x0000000008001fd0      0x244 D:/ST/STM32CubeIDE_1.14.0/STM32CubeIDE/plugins/com.st.stm32cube.ide.mcu.externaltools.gnu-tools-for-stm32.11.3.rel1.win32_1.1.100.202309141235/tools/bin/../lib/gcc/arm-none-eabi/11.3.1/../../../../arm-none-eabi/lib/thumb/v7e-m/nofp\libc_nano.a(libc_a-nano-vfprintf_i.o)
                0x0000000008001fd0                _printf_i
 .text.__swbuf_r
                0x0000000008002214       0x7a D:/ST/STM32CubeIDE_1.14.0/STM32CubeIDE/plugins/com.st.stm32cube.ide.mcu.externaltools.gnu-tools-for-stm32.11.3.rel1.win32_1.1.100.202309141235/tools/bin/../lib/gcc/arm-none-eabi/11.3.1/../../../../arm-none-eabi/lib/thumb/v7e-m/nofp\libc_nano.a(libc_a-wbuf.o)
                0x0000000008002214                __swbuf_r
 *fill*         0x000000000800228e        0x2 
 .text.__swsetup_r
                0x0000000008002290       0xb0 D:/ST/STM32CubeIDE_1.14.0/STM32CubeIDE/plugins/com.st.stm32cube.ide.mcu.externaltools.gnu-tools-for-stm32.11.3.rel1.win32_1.1.100.202309141235/tools/bin/../lib/gcc/arm-none-eabi/11.3.1/../../../../arm-none-eabi/lib/thumb/v7e-m/nofp\libc_nano.a(libc_a-wsetup.o)
                0x0000000008002290                __swsetup_r
 .text._raise_r
                0x0000000008002340       0x50 D:/ST/STM32CubeIDE_1.14.0/STM32CubeIDE/plugins/com.st.stm32cube.ide.mcu.externaltools.gnu-tools-for-stm32.11.3.rel1.win32_1.1.100.202309141235/tools/bin/../lib/gcc/arm-none-eabi/11.3.1/../../../../arm-none-eabi/lib/thumb/v7e-m/nofp\libc_nano.a(libc_a-signal.o)
                0x0000000008002340                _raise_r
 .text.raise    0x0000000008002390       0x10 D:/ST/STM32CubeIDE_1.14.0/STM32CubeIDE/plugins/com.st.stm32cube.ide.mcu.externaltools.gnu-tools-for-stm32.11.3.rel1.win32_1.1.100.202309141235/tools/bin/../lib/gcc/arm-none-eabi/11.3.1/../../../../arm-none-eabi/lib/thumb/v7e-m/nofp\libc_nano.a(libc_a-signal.o)
                0x0000000008002390                raise
 .text._kill_r  0x00000000080023a0       0x24 D:/ST/STM32CubeIDE_1.14.0/STM32CubeIDE/plugins/com.st.stm32cube.ide.mcu.externaltools.gnu-tools-for-stm32.11.3.rel1.win32_1.1.100.202309141235/tools/bin/../lib/gcc/arm-none-eabi/11.3.1/../../../../arm-none-eabi/lib/thumb/v7e-m/nofp\libc_nano.a(libc_a-signalr.o)
                0x00000000080023a0                _kill_r
 .text._getpid_r
                0x00000000080023c4        0x4 D:/ST/STM32CubeIDE_1.14.0/STM32CubeIDE/plugins/com.st.stm32cube.ide.mcu.externaltools.gnu-tools-for-stm32.11.3.rel1.win32_1.1.100.202309141235/tools/bin/../lib/gcc/arm-none-eabi/11.3.1/../../../../arm-none-eabi/lib/thumb/v7e-m/nofp\libc_nano.a(libc_a-signalr.o)
                0x00000000080023c4                _getpid_r
 .text.__swhatbuf_r
                0x00000000080023c8       0x4c D:/ST/STM32CubeIDE_1.14.0/STM32CubeIDE/plugins/com.st.stm32cube.ide.mcu.externaltools.gnu-tools-for-stm32.11.3.rel1.win32_1.1.100.202309141235/tools/bin/../lib/gcc/arm-none-eabi/11.3.1/../../../../arm-none-eabi/lib/thumb/v7e-m/nofp\libc_nano.a(libc_a-makebuf.o)
                0x00000000080023c8                __swhatbuf_r
 .text.__smakebuf_r
                0x0000000008002414       0x78 D:/ST/STM32CubeIDE_1.14.0/STM32CubeIDE/plugins/com.st.stm32cube.ide.mcu.externaltools.gnu-tools-for-stm32.11.3.rel1.win32_1.1.100.202309141235/tools/bin/../lib/gcc/arm-none-eabi/11.3.1/../../../../arm-none-eabi/lib/thumb/v7e-m/nofp\libc_nano.a(libc_a-makebuf.o)
                0x0000000008002414                __smakebuf_r
 .text._fstat_r
                0x000000000800248c       0x24 D:/ST/STM32CubeIDE_1.14.0/STM32CubeIDE/plugins/com.st.stm32cube.ide.mcu.externaltools.gnu-tools-for-stm32.11.3.rel1.win32_1.1.100.202309141235/tools/bin/../lib/gcc/arm-none-eabi/11.3.1/../../../../arm-none-eabi/lib/thumb/v7e-m/nofp\libc_nano.a(libc_a-fstatr.o)
                0x000000000800248c                _fstat_r
 .text._isatty_r
                0x00000000080024b0       0x20 D:/ST/STM32CubeIDE_1.14.0/STM32CubeIDE/plugins/com.st.stm32cube.ide.mcu.externaltools.gnu-tools-for-stm32.11.3.rel1.win32_1.1.100.202309141235/tools/bin/../lib/gcc/arm-none-eabi/11.3.1/../../../../arm-none-eabi/lib/thumb/v7e-m/nofp\libc_nano.a(libc_a-isattyr.o)
                0x00000000080024b0                _isatty_r
 *(.glue_7)
 .glue_7        0x00000000080024d0        0x0 linker stubs
 *(.glue_7t)
 .glue_7t       0x00000000080024d0        0x0 linker stubs
 *(.eh_frame)
 .eh_frame      0x00000000080024d0        0x0 D:/ST/STM32CubeIDE_1.14.0/STM32CubeIDE/plugins/com.st.stm32cube.ide.mcu.externaltools.gnu-tools-for-stm32.11.3.rel1.win32_1.1.100.202309141235/tools/bin/../lib/gcc/arm-none-eabi/11.3.1/thumb/v7e-m/nofp/crtbegin.o
 *(.init)
 .init          0x00000000080024d0        0x4 D:/ST/STM32CubeIDE_1.14.0/STM32CubeIDE/plugins/com.st.stm32cube.ide.mcu.externaltools.gnu-tools-for-stm32.11.3.rel1.win32_1.1.100.202309141235/tools/bin/../lib/gcc/arm-none-eabi/11.3.1/thumb/v7e-m/nofp/crti.o
                0x00000000080024d0                _init
 .init          0x00000000080024d4        0x8 D:/ST/STM32CubeIDE_1.14.0/STM32CubeIDE/plugins/com.st.stm32cube.ide.mcu.externaltools.gnu-tools-for-stm32.11.3.rel1.win32_1.1.100.202309141235/tools/bin/../lib/gcc/arm-none-eabi/11.3.1/thumb/v7e-m/nofp/crtn.o
 *(.fini)
 .fini          0x00000000080024dc        0x4 D:/ST/STM32CubeIDE_1.14.0/STM32CubeIDE/plugins/com.st.stm32cube.ide.mcu.externaltools.gnu-tools-for-stm32.11.3.rel1.win32_1.1.100.202309141235/tools/bin/../lib/gcc/arm-none-eabi/11.3.1/thumb/v7e-m/nofp/crti.o
                0x00000000080024dc                _fini
 .fini          0x00000000080024e0        0x8 D:/ST/STM32CubeIDE_1.14.0/STM32CubeIDE/plugins/com.st.stm32cube.ide.mcu.externaltools.gnu-tools-for-stm32.11.3.rel1.win32_1.1.100.202309141235/tools/bin/../lib/gcc/arm-none-eabi/11.3.1/thumb/v7e-m/nofp/crtn.o
                0x00000000080024e8                . = ALIGN (0x4)
                0x00000000080024e8                _etext = .

.vfp11_veneer   0x00000000080024e8        0x0
 .vfp11_veneer  0x00000000080024e8        0x0 linker stubs

.v4_bx          0x00000000080024e8        0x0
 .v4_bx         0x00000000080024e8        0x0 linker stubs

.iplt           0x00000000080024e8        0x0
 .iplt          0x00000000080024e8        0x0 D:/ST/STM32CubeIDE_1.14.0/STM32CubeIDE/plugins/com.st.stm32cube.ide.mcu.externaltools.gnu-tools-for-stm32.11.3.rel1.win32_1.1.100.202309141235/tools/bin/../lib/gcc/arm-none-eabi/11.3.1/thumb/v7e-m/nofp/crtbegin.o

.rodata         0x00000000080024e8      0x20c
                0x00000000080024e8                . = ALIGN (0x4)
 *(.rodata)
 .rodata        0x00000000080024e8       0x66 ./APPLICATION/Src/log_data.o
 *fill*         0x000000000800254e        0x2 
 .rodata        0x0000000008002550        0xf ./MCAL/Src/i2c_stm32.o
 *fill*         0x000000000800255f        0x1 
 .rodata        0x0000000008002560        0xc ./MCAL/Src/spi_stm32.o
 .rodata        0x000000000800256c        0x3 ./MCAL/Src/uart_stm32.o
 *fill*         0x000000000800256f        0x1 
 .rodata        0x0000000008002570       0xa5 ./Src/main.o
 *(.rodata*)
 .rodata.srand.str1.1
                0x0000000008002615       0x6f D:/ST/STM32CubeIDE_1.14.0/STM32CubeIDE/plugins/com.st.stm32cube.ide.mcu.externaltools.gnu-tools-for-stm32.11.3.rel1.win32_1.1.100.202309141235/tools/bin/../lib/gcc/arm-none-eabi/11.3.1/../../../../arm-none-eabi/lib/thumb/v7e-m/nofp\libc_nano.a(libc_a-rand.o)
 .rodata.__assert_func.str1.1
                0x0000000008002684       0x3c D:/ST/STM32CubeIDE_1.14.0/STM32CubeIDE/plugins/com.st.stm32cube.ide.mcu.externaltools.gnu-tools-for-stm32.11.3.rel1.win32_1.1.100.202309141235/tools/bin/../lib/gcc/arm-none-eabi/11.3.1/../../../../arm-none-eabi/lib/thumb/v7e-m/nofp\libc_nano.a(libc_a-assert.o)
                                         0x3d (size before relaxing)
 .rodata._vfprintf_r.str1.1
                0x00000000080026c0       0x11 D:/ST/STM32CubeIDE_1.14.0/STM32CubeIDE/plugins/com.st.stm32cube.ide.mcu.externaltools.gnu-tools-for-stm32.11.3.rel1.win32_1.1.100.202309141235/tools/bin/../lib/gcc/arm-none-eabi/11.3.1/../../../../arm-none-eabi/lib/thumb/v7e-m/nofp\libc_nano.a(libc_a-nano-vfprintf.o)
 .rodata._printf_i.str1.1
                0x00000000080026d1       0x22 D:/ST/STM32CubeIDE_1.14.0/STM32CubeIDE/plugins/com.st.stm32cube.ide.mcu.externaltools.gnu-tools-for-stm32.11.3.rel1.win32_1.1.100.202309141235/tools/bin/../lib/gcc/arm-none-eabi/11.3.1/../../../../arm-none-eabi/lib/thumb/v7e-m/nofp\libc_nano.a(libc_a-nano-vfprintf_i.o)
                0x00000000080026f4                . = ALIGN (0x4)
 *fill*         0x00000000080026f3        0x1 

.rel.dyn        0x00000000080026f4        0x0
 .rel.iplt      0x00000000080026f4        0x0 D:/ST/STM32CubeIDE_1.14.0/STM32CubeIDE/plugins/com.st.stm32cube.ide.mcu.externaltools.gnu-tools-for-stm32.11.3.rel1.win32_1.1.100.202309141235/tools/bin/../lib/gcc/arm-none-eabi/11.3.1/thumb/v7e-m/nofp/crtbegin.o

.ARM.extab      0x00000000080026f4        0x0
                0x00000000080026f4                . = ALIGN (0x4)
 *(.ARM.extab* .gnu.linkonce.armextab.*)
                0x00000000080026f4                . = ALIGN (0x4)

.ARM            0x00000000080026f4        0x0
                0x00000000080026f4                . = ALIGN (0x4)
                0x00000000080026f4                __exidx_start = .
 *(.ARM.exidx*)
                0x00000000080026f4                __exidx_end = .
                0x00000000080026f4                . = ALIGN (0x4)

.preinit_array  0x00000000080026f4        0x0
                0x00000000080026f4                . = ALIGN (0x4)
                0x00000000080026f4                PROVIDE (__preinit_array_start = .)
 *(.preinit_array*)
                0x00000000080026f4                PROVIDE (__preinit_array_end = .)
                0x00000000080026f4                . = ALIGN (0x4)

.init_array     0x00000000080026f4        0x4
                0x00000000080026f4                . = ALIGN (0x4)
                0x00000000080026f4                PROVIDE (__init_array_start = .)
 *(SORT_BY_NAME(.init_array.*))
 *(.init_array*)
 .init_array    0x00000000080026f4        0x4 D:/ST/STM32CubeIDE_1.14.0/STM32CubeIDE/plugins/com.st.stm32cube.ide.mcu.externaltools.gnu-tools-for-stm32.11.3.rel1.win32_1.1.100.202309141235/tools/bin/../lib/gcc/arm-none-eabi/11.3.1/thumb/v7e-m/nofp/crtbegin.o
                0x00000000080026f8                PROVIDE (__init_array_end = .)
                0x00000000080026f8                . = ALIGN (0x4)

.fini_array     0x00000000080026f8        0x4
                0x00000000080026f8                . = ALIGN (0x4)
                [!provide]                        PROVIDE (__fini_array_start = .)
 *(SORT_BY_NAME(.fini_array.*))
 *(.fini_array*)
 .fini_array    0x00000000080026f8        0x4 D:/ST/STM32CubeIDE_1.14.0/STM32CubeIDE/plugins/com.st.stm32cube.ide.mcu.externaltools.gnu-tools-for-stm32.11.3.rel1.win32_1.1.100.202309141235/tools/bin/../lib/gcc/arm-none-eabi/11.3.1/thumb/v7e-m/nofp/crtbegin.o
                [!provide]                        PROVIDE (__fini_array_end = .)
                0x00000000080026fc                . = ALIGN (0x4)
                0x00000000080026fc                _sidata = LOADADDR (.data)

.data           0x0000000020000000       0xfc load address 0x00000000080026fc
                0x0000000020000000                . = ALIGN (0x4)
                0x0000000020000000                _sdata = .
 *(.data)
 *(.data*)
 .data.pusart2  0x0000000020000000        0x4 ./APPLICATION/Src/log_data.o
                0x0000000020000000                pusart2
 .data.gpio_uart_cfg
                0x0000000020000004       0x20 ./ECUAL/Src/gpio.o
                0x0000000020000004                gpio_uart_cfg
 .data.gpio_spi_cfg
                0x0000000020000024       0x40 ./ECUAL/Src/gpio.o
                0x0000000020000024                gpio_spi_cfg
 .data.gpio_i2c_cfg
                0x0000000020000064       0x20 ./ECUAL/Src/gpio.o
                0x0000000020000064                gpio_i2c_cfg
 .data.pUsart22
                0x0000000020000084        0x4 ./MCAL/Src/i2c_stm32.o
                0x0000000020000084                pUsart22
 .data.ahbp_array
                0x0000000020000088       0x10 ./MCAL/Src/peripheral_clock.o
                0x0000000020000088                ahbp_array
 .data.apb1p_array
                0x0000000020000098        0x4 ./MCAL/Src/peripheral_clock.o
                0x0000000020000098                apb1p_array
 .data.pUsart2  0x000000002000009c        0x4 ./MCAL/Src/spi_stm32.o
                0x000000002000009c                pUsart2
 .data.__sglue  0x00000000200000a0        0xc D:/ST/STM32CubeIDE_1.14.0/STM32CubeIDE/plugins/com.st.stm32cube.ide.mcu.externaltools.gnu-tools-for-stm32.11.3.rel1.win32_1.1.100.202309141235/tools/bin/../lib/gcc/arm-none-eabi/11.3.1/../../../../arm-none-eabi/lib/thumb/v7e-m/nofp\libc_nano.a(libc_a-findfp.o)
                0x00000000200000a0                __sglue
 .data._impure_data
                0x00000000200000ac       0x4c D:/ST/STM32CubeIDE_1.14.0/STM32CubeIDE/plugins/com.st.stm32cube.ide.mcu.externaltools.gnu-tools-for-stm32.11.3.rel1.win32_1.1.100.202309141235/tools/bin/../lib/gcc/arm-none-eabi/11.3.1/../../../../arm-none-eabi/lib/thumb/v7e-m/nofp\libc_nano.a(libc_a-impure.o)
                0x00000000200000ac                _impure_data
 .data._impure_ptr
                0x00000000200000f8        0x4 D:/ST/STM32CubeIDE_1.14.0/STM32CubeIDE/plugins/com.st.stm32cube.ide.mcu.externaltools.gnu-tools-for-stm32.11.3.rel1.win32_1.1.100.202309141235/tools/bin/../lib/gcc/arm-none-eabi/11.3.1/../../../../arm-none-eabi/lib/thumb/v7e-m/nofp\libc_nano.a(libc_a-impure.o)
                0x00000000200000f8                _impure_ptr
 *(.RamFunc)
 *(.RamFunc*)
                0x00000000200000fc                . = ALIGN (0x4)
                0x00000000200000fc                _edata = .
                0x00000000080027f8                _siccmram = LOADADDR (.ccmram)

.igot.plt       0x00000000200000fc        0x0 load address 0x00000000080027f8
 .igot.plt      0x00000000200000fc        0x0 D:/ST/STM32CubeIDE_1.14.0/STM32CubeIDE/plugins/com.st.stm32cube.ide.mcu.externaltools.gnu-tools-for-stm32.11.3.rel1.win32_1.1.100.202309141235/tools/bin/../lib/gcc/arm-none-eabi/11.3.1/thumb/v7e-m/nofp/crtbegin.o

.ccmram         0x0000000010000000        0x0 load address 0x00000000080027f8
                0x0000000010000000                . = ALIGN (0x4)
                0x0000000010000000                _sccmram = .
 *(.ccmram)
 *(.ccmram*)
                0x0000000010000000                . = ALIGN (0x4)
                0x0000000010000000                _eccmram = .
                0x0000000010000000                . = ALIGN (0x4)

.bss            0x00000000200000fc      0x3cc
                0x00000000200000fc                _sbss = .
                0x00000000200000fc                __bss_start__ = _sbss
 *(.bss)
 .bss           0x00000000200000fc       0x1c D:/ST/STM32CubeIDE_1.14.0/STM32CubeIDE/plugins/com.st.stm32cube.ide.mcu.externaltools.gnu-tools-for-stm32.11.3.rel1.win32_1.1.100.202309141235/tools/bin/../lib/gcc/arm-none-eabi/11.3.1/thumb/v7e-m/nofp/crtbegin.o
 *(.bss*)
 .bss.circ_buffer
                0x0000000020000118       0x42 ./APPLICATION/Src/circular_buffer.o
                0x0000000020000118                circ_buffer
 *fill*         0x000000002000015a        0x2 
 .bss.gyro_buffer
                0x000000002000015c      0x200 ./APPLICATION/Src/circular_buffer.o
                0x000000002000015c                gyro_buffer
 .bss.circ_buffer_i2c_gyro
                0x000000002000035c        0x8 ./APPLICATION/Src/circular_buffer.o
                0x000000002000035c                circ_buffer_i2c_gyro
 .bss.i2c_gyro_data_store
                0x0000000020000364        0x8 ./APPLICATION/Src/log_data.o
                0x0000000020000364                i2c_gyro_data_store
 .bss.spi_frame.0
                0x000000002000036c        0x8 ./APPLICATION/Src/spi_frame_simulate.o
 .bss.spi_frame
                0x0000000020000374        0x1 ./MCAL/Src/spi_stm32.o
                0x0000000020000374                spi_frame
 .bss.usart_command
                0x0000000020000375        0x1 ./MCAL/Src/uart_stm32.o
                0x0000000020000375                usart_command
 *fill*         0x0000000020000376        0x2 
 .bss.__sbrk_heap_end
                0x0000000020000378        0x4 ./Src/sysmem.o
 .bss.__sf      0x000000002000037c      0x138 D:/ST/STM32CubeIDE_1.14.0/STM32CubeIDE/plugins/com.st.stm32cube.ide.mcu.externaltools.gnu-tools-for-stm32.11.3.rel1.win32_1.1.100.202309141235/tools/bin/../lib/gcc/arm-none-eabi/11.3.1/../../../../arm-none-eabi/lib/thumb/v7e-m/nofp\libc_nano.a(libc_a-findfp.o)
                0x000000002000037c                __sf
 .bss.__stdio_exit_handler
                0x00000000200004b4        0x4 D:/ST/STM32CubeIDE_1.14.0/STM32CubeIDE/plugins/com.st.stm32cube.ide.mcu.externaltools.gnu-tools-for-stm32.11.3.rel1.win32_1.1.100.202309141235/tools/bin/../lib/gcc/arm-none-eabi/11.3.1/../../../../arm-none-eabi/lib/thumb/v7e-m/nofp\libc_nano.a(libc_a-findfp.o)
                0x00000000200004b4                __stdio_exit_handler
 .bss.errno     0x00000000200004b8        0x4 D:/ST/STM32CubeIDE_1.14.0/STM32CubeIDE/plugins/com.st.stm32cube.ide.mcu.externaltools.gnu-tools-for-stm32.11.3.rel1.win32_1.1.100.202309141235/tools/bin/../lib/gcc/arm-none-eabi/11.3.1/../../../../arm-none-eabi/lib/thumb/v7e-m/nofp\libc_nano.a(libc_a-reent.o)
                0x00000000200004b8                errno
 .bss.__lock___malloc_recursive_mutex
                0x00000000200004bc        0x1 D:/ST/STM32CubeIDE_1.14.0/STM32CubeIDE/plugins/com.st.stm32cube.ide.mcu.externaltools.gnu-tools-for-stm32.11.3.rel1.win32_1.1.100.202309141235/tools/bin/../lib/gcc/arm-none-eabi/11.3.1/../../../../arm-none-eabi/lib/thumb/v7e-m/nofp\libc_nano.a(libc_a-lock.o)
                0x00000000200004bc                __lock___malloc_recursive_mutex
 .bss.__lock___sfp_recursive_mutex
                0x00000000200004bd        0x1 D:/ST/STM32CubeIDE_1.14.0/STM32CubeIDE/plugins/com.st.stm32cube.ide.mcu.externaltools.gnu-tools-for-stm32.11.3.rel1.win32_1.1.100.202309141235/tools/bin/../lib/gcc/arm-none-eabi/11.3.1/../../../../arm-none-eabi/lib/thumb/v7e-m/nofp\libc_nano.a(libc_a-lock.o)
                0x00000000200004bd                __lock___sfp_recursive_mutex
 *fill*         0x00000000200004be        0x2 
 .bss.__malloc_free_list
                0x00000000200004c0        0x4 D:/ST/STM32CubeIDE_1.14.0/STM32CubeIDE/plugins/com.st.stm32cube.ide.mcu.externaltools.gnu-tools-for-stm32.11.3.rel1.win32_1.1.100.202309141235/tools/bin/../lib/gcc/arm-none-eabi/11.3.1/../../../../arm-none-eabi/lib/thumb/v7e-m/nofp\libc_nano.a(libc_a-mallocr.o)
                0x00000000200004c0                __malloc_free_list
 .bss.__malloc_sbrk_start
                0x00000000200004c4        0x4 D:/ST/STM32CubeIDE_1.14.0/STM32CubeIDE/plugins/com.st.stm32cube.ide.mcu.externaltools.gnu-tools-for-stm32.11.3.rel1.win32_1.1.100.202309141235/tools/bin/../lib/gcc/arm-none-eabi/11.3.1/../../../../arm-none-eabi/lib/thumb/v7e-m/nofp\libc_nano.a(libc_a-mallocr.o)
                0x00000000200004c4                __malloc_sbrk_start
 *(COMMON)
                0x00000000200004c8                . = ALIGN (0x4)
                0x00000000200004c8                _ebss = .
                0x00000000200004c8                __bss_end__ = _ebss

._user_heap_stack
                0x00000000200004c8      0x600
                0x00000000200004c8                . = ALIGN (0x8)
                [!provide]                        PROVIDE (end = .)
                0x00000000200004c8                PROVIDE (_end = .)
                0x00000000200006c8                . = (. + _Min_Heap_Size)
 *fill*         0x00000000200004c8      0x200 
                0x0000000020000ac8                . = (. + _Min_Stack_Size)
 *fill*         0x00000000200006c8      0x400 
                0x0000000020000ac8                . = ALIGN (0x8)

/DISCARD/
 libc.a(*)
 libm.a(*)
 libgcc.a(*)

.ARM.attributes
                0x0000000000000000       0x2a
 *(.ARM.attributes)
 .ARM.attributes
                0x0000000000000000       0x1e D:/ST/STM32CubeIDE_1.14.0/STM32CubeIDE/plugins/com.st.stm32cube.ide.mcu.externaltools.gnu-tools-for-stm32.11.3.rel1.win32_1.1.100.202309141235/tools/bin/../lib/gcc/arm-none-eabi/11.3.1/thumb/v7e-m/nofp/crti.o
 .ARM.attributes
                0x000000000000001e       0x2e D:/ST/STM32CubeIDE_1.14.0/STM32CubeIDE/plugins/com.st.stm32cube.ide.mcu.externaltools.gnu-tools-for-stm32.11.3.rel1.win32_1.1.100.202309141235/tools/bin/../lib/gcc/arm-none-eabi/11.3.1/thumb/v7e-m/nofp/crtbegin.o
 .ARM.attributes
                0x000000000000004c       0x2e ./APPLICATION/Src/circular_buffer.o
 .ARM.attributes
                0x000000000000007a       0x2e ./APPLICATION/Src/i2c_gyro_data_handle.o
 .ARM.attributes
                0x00000000000000a8       0x2e ./APPLICATION/Src/log_data.o
 .ARM.attributes
                0x00000000000000d6       0x2e ./APPLICATION/Src/spi_frame_simulate.o
 .ARM.attributes
                0x0000000000000104       0x2e ./APPLICATION/Src/spi_loopback_feature.o
 .ARM.attributes
                0x0000000000000132       0x2e ./ECUAL/Src/gpio.o
 .ARM.attributes
                0x0000000000000160       0x2e ./ECUAL/Src/i2c.o
 .ARM.attributes
                0x000000000000018e       0x2e ./ECUAL/Src/spi.o
 .ARM.attributes
                0x00000000000001bc       0x2e ./ECUAL/Src/uart.o
 .ARM.attributes
                0x00000000000001ea       0x2e ./MCAL/Src/gpio_stm32.o
 .ARM.attributes
                0x0000000000000218       0x2e ./MCAL/Src/i2c_stm32.o
 .ARM.attributes
                0x0000000000000246       0x2e ./MCAL/Src/peripheral_clock.o
 .ARM.attributes
                0x0000000000000274       0x2e ./MCAL/Src/spi_stm32.o
 .ARM.attributes
                0x00000000000002a2       0x2e ./MCAL/Src/uart_stm32.o
 .ARM.attributes
                0x00000000000002d0       0x2e ./Src/main.o
 .ARM.attributes
                0x00000000000002fe       0x2e ./Src/syscalls.o
 .ARM.attributes
                0x000000000000032c       0x2e ./Src/sysmem.o
 .ARM.attributes
                0x000000000000035a       0x21 ./Startup/startup_stm32f407vgtx.o
 .ARM.attributes
                0x000000000000037b       0x2e D:/ST/STM32CubeIDE_1.14.0/STM32CubeIDE/plugins/com.st.stm32cube.ide.mcu.externaltools.gnu-tools-for-stm32.11.3.rel1.win32_1.1.100.202309141235/tools/bin/../lib/gcc/arm-none-eabi/11.3.1/../../../../arm-none-eabi/lib/thumb/v7e-m/nofp\libc_nano.a(libc_a-rand.o)
 .ARM.attributes
                0x00000000000003a9       0x2e D:/ST/STM32CubeIDE_1.14.0/STM32CubeIDE/plugins/com.st.stm32cube.ide.mcu.externaltools.gnu-tools-for-stm32.11.3.rel1.win32_1.1.100.202309141235/tools/bin/../lib/gcc/arm-none-eabi/11.3.1/../../../../arm-none-eabi/lib/thumb/v7e-m/nofp\libc_nano.a(libc_a-findfp.o)
 .ARM.attributes
                0x00000000000003d7       0x2e D:/ST/STM32CubeIDE_1.14.0/STM32CubeIDE/plugins/com.st.stm32cube.ide.mcu.externaltools.gnu-tools-for-stm32.11.3.rel1.win32_1.1.100.202309141235/tools/bin/../lib/gcc/arm-none-eabi/11.3.1/../../../../arm-none-eabi/lib/thumb/v7e-m/nofp\libc_nano.a(libc_a-fwalk.o)
 .ARM.attributes
                0x0000000000000405       0x2e D:/ST/STM32CubeIDE_1.14.0/STM32CubeIDE/plugins/com.st.stm32cube.ide.mcu.externaltools.gnu-tools-for-stm32.11.3.rel1.win32_1.1.100.202309141235/tools/bin/../lib/gcc/arm-none-eabi/11.3.1/../../../../arm-none-eabi/lib/thumb/v7e-m/nofp\libc_nano.a(libc_a-stdio.o)
 .ARM.attributes
                0x0000000000000433       0x2e D:/ST/STM32CubeIDE_1.14.0/STM32CubeIDE/plugins/com.st.stm32cube.ide.mcu.externaltools.gnu-tools-for-stm32.11.3.rel1.win32_1.1.100.202309141235/tools/bin/../lib/gcc/arm-none-eabi/11.3.1/../../../../arm-none-eabi/lib/thumb/v7e-m/nofp\libc_nano.a(libc_a-memset.o)
 .ARM.attributes
                0x0000000000000461       0x2e D:/ST/STM32CubeIDE_1.14.0/STM32CubeIDE/plugins/com.st.stm32cube.ide.mcu.externaltools.gnu-tools-for-stm32.11.3.rel1.win32_1.1.100.202309141235/tools/bin/../lib/gcc/arm-none-eabi/11.3.1/../../../../arm-none-eabi/lib/thumb/v7e-m/nofp\libc_nano.a(libc_a-closer.o)
 .ARM.attributes
                0x000000000000048f       0x2e D:/ST/STM32CubeIDE_1.14.0/STM32CubeIDE/plugins/com.st.stm32cube.ide.mcu.externaltools.gnu-tools-for-stm32.11.3.rel1.win32_1.1.100.202309141235/tools/bin/../lib/gcc/arm-none-eabi/11.3.1/../../../../arm-none-eabi/lib/thumb/v7e-m/nofp\libc_nano.a(libc_a-reent.o)
 .ARM.attributes
                0x00000000000004bd       0x2e D:/ST/STM32CubeIDE_1.14.0/STM32CubeIDE/plugins/com.st.stm32cube.ide.mcu.externaltools.gnu-tools-for-stm32.11.3.rel1.win32_1.1.100.202309141235/tools/bin/../lib/gcc/arm-none-eabi/11.3.1/../../../../arm-none-eabi/lib/thumb/v7e-m/nofp\libc_nano.a(libc_a-impure.o)
 .ARM.attributes
                0x00000000000004eb       0x2e D:/ST/STM32CubeIDE_1.14.0/STM32CubeIDE/plugins/com.st.stm32cube.ide.mcu.externaltools.gnu-tools-for-stm32.11.3.rel1.win32_1.1.100.202309141235/tools/bin/../lib/gcc/arm-none-eabi/11.3.1/../../../../arm-none-eabi/lib/thumb/v7e-m/nofp\libc_nano.a(libc_a-lseekr.o)
 .ARM.attributes
                0x0000000000000519       0x2e D:/ST/STM32CubeIDE_1.14.0/STM32CubeIDE/plugins/com.st.stm32cube.ide.mcu.externaltools.gnu-tools-for-stm32.11.3.rel1.win32_1.1.100.202309141235/tools/bin/../lib/gcc/arm-none-eabi/11.3.1/../../../../arm-none-eabi/lib/thumb/v7e-m/nofp\libc_nano.a(libc_a-readr.o)
 .ARM.attributes
                0x0000000000000547       0x2e D:/ST/STM32CubeIDE_1.14.0/STM32CubeIDE/plugins/com.st.stm32cube.ide.mcu.externaltools.gnu-tools-for-stm32.11.3.rel1.win32_1.1.100.202309141235/tools/bin/../lib/gcc/arm-none-eabi/11.3.1/../../../../arm-none-eabi/lib/thumb/v7e-m/nofp\libc_nano.a(libc_a-writer.o)
 .ARM.attributes
                0x0000000000000575       0x2e D:/ST/STM32CubeIDE_1.14.0/STM32CubeIDE/plugins/com.st.stm32cube.ide.mcu.externaltools.gnu-tools-for-stm32.11.3.rel1.win32_1.1.100.202309141235/tools/bin/../lib/gcc/arm-none-eabi/11.3.1/../../../../arm-none-eabi/lib/thumb/v7e-m/nofp\libc_nano.a(libc_a-errno.o)
 .ARM.attributes
                0x00000000000005a3       0x2e D:/ST/STM32CubeIDE_1.14.0/STM32CubeIDE/plugins/com.st.stm32cube.ide.mcu.externaltools.gnu-tools-for-stm32.11.3.rel1.win32_1.1.100.202309141235/tools/bin/../lib/gcc/arm-none-eabi/11.3.1/../../../../arm-none-eabi/lib/thumb/v7e-m/nofp\libc_nano.a(libc_a-init.o)
 .ARM.attributes
                0x00000000000005d1       0x2e D:/ST/STM32CubeIDE_1.14.0/STM32CubeIDE/plugins/com.st.stm32cube.ide.mcu.externaltools.gnu-tools-for-stm32.11.3.rel1.win32_1.1.100.202309141235/tools/bin/../lib/gcc/arm-none-eabi/11.3.1/../../../../arm-none-eabi/lib/thumb/v7e-m/nofp\libc_nano.a(libc_a-lock.o)
 .ARM.attributes
                0x00000000000005ff       0x2e D:/ST/STM32CubeIDE_1.14.0/STM32CubeIDE/plugins/com.st.stm32cube.ide.mcu.externaltools.gnu-tools-for-stm32.11.3.rel1.win32_1.1.100.202309141235/tools/bin/../lib/gcc/arm-none-eabi/11.3.1/../../../../arm-none-eabi/lib/thumb/v7e-m/nofp\libc_nano.a(libc_a-assert.o)
 .ARM.attributes
                0x000000000000062d       0x2e D:/ST/STM32CubeIDE_1.14.0/STM32CubeIDE/plugins/com.st.stm32cube.ide.mcu.externaltools.gnu-tools-for-stm32.11.3.rel1.win32_1.1.100.202309141235/tools/bin/../lib/gcc/arm-none-eabi/11.3.1/../../../../arm-none-eabi/lib/thumb/v7e-m/nofp\libc_nano.a(libc_a-freer.o)
 .ARM.attributes
                0x000000000000065b       0x2e D:/ST/STM32CubeIDE_1.14.0/STM32CubeIDE/plugins/com.st.stm32cube.ide.mcu.externaltools.gnu-tools-for-stm32.11.3.rel1.win32_1.1.100.202309141235/tools/bin/../lib/gcc/arm-none-eabi/11.3.1/../../../../arm-none-eabi/lib/thumb/v7e-m/nofp\libc_nano.a(libc_a-malloc.o)
 .ARM.attributes
                0x0000000000000689       0x2e D:/ST/STM32CubeIDE_1.14.0/STM32CubeIDE/plugins/com.st.stm32cube.ide.mcu.externaltools.gnu-tools-for-stm32.11.3.rel1.win32_1.1.100.202309141235/tools/bin/../lib/gcc/arm-none-eabi/11.3.1/../../../../arm-none-eabi/lib/thumb/v7e-m/nofp\libc_nano.a(libc_a-mallocr.o)
 .ARM.attributes
                0x00000000000006b7       0x2e D:/ST/STM32CubeIDE_1.14.0/STM32CubeIDE/plugins/com.st.stm32cube.ide.mcu.externaltools.gnu-tools-for-stm32.11.3.rel1.win32_1.1.100.202309141235/tools/bin/../lib/gcc/arm-none-eabi/11.3.1/../../../../arm-none-eabi/lib/thumb/v7e-m/nofp\libc_nano.a(libc_a-mlock.o)
 .ARM.attributes
                0x00000000000006e5       0x2e D:/ST/STM32CubeIDE_1.14.0/STM32CubeIDE/plugins/com.st.stm32cube.ide.mcu.externaltools.gnu-tools-for-stm32.11.3.rel1.win32_1.1.100.202309141235/tools/bin/../lib/gcc/arm-none-eabi/11.3.1/../../../../arm-none-eabi/lib/thumb/v7e-m/nofp\libc_nano.a(libc_a-fflush.o)
 .ARM.attributes
                0x0000000000000713       0x2e D:/ST/STM32CubeIDE_1.14.0/STM32CubeIDE/plugins/com.st.stm32cube.ide.mcu.externaltools.gnu-tools-for-stm32.11.3.rel1.win32_1.1.100.202309141235/tools/bin/../lib/gcc/arm-none-eabi/11.3.1/../../../../arm-none-eabi/lib/thumb/v7e-m/nofp\libc_nano.a(libc_a-fprintf.o)
 .ARM.attributes
                0x0000000000000741       0x2e D:/ST/STM32CubeIDE_1.14.0/STM32CubeIDE/plugins/com.st.stm32cube.ide.mcu.externaltools.gnu-tools-for-stm32.11.3.rel1.win32_1.1.100.202309141235/tools/bin/../lib/gcc/arm-none-eabi/11.3.1/../../../../arm-none-eabi/lib/thumb/v7e-m/nofp\libc_nano.a(libc_a-sbrkr.o)
 .ARM.attributes
                0x000000000000076f       0x2e D:/ST/STM32CubeIDE_1.14.0/STM32CubeIDE/plugins/com.st.stm32cube.ide.mcu.externaltools.gnu-tools-for-stm32.11.3.rel1.win32_1.1.100.202309141235/tools/bin/../lib/gcc/arm-none-eabi/11.3.1/../../../../arm-none-eabi/lib/thumb/v7e-m/nofp\libc_nano.a(libc_a-abort.o)
 .ARM.attributes
                0x000000000000079d       0x2e D:/ST/STM32CubeIDE_1.14.0/STM32CubeIDE/plugins/com.st.stm32cube.ide.mcu.externaltools.gnu-tools-for-stm32.11.3.rel1.win32_1.1.100.202309141235/tools/bin/../lib/gcc/arm-none-eabi/11.3.1/../../../../arm-none-eabi/lib/thumb/v7e-m/nofp\libc_nano.a(libc_a-nano-vfprintf.o)
 .ARM.attributes
                0x00000000000007cb       0x2e D:/ST/STM32CubeIDE_1.14.0/STM32CubeIDE/plugins/com.st.stm32cube.ide.mcu.externaltools.gnu-tools-for-stm32.11.3.rel1.win32_1.1.100.202309141235/tools/bin/../lib/gcc/arm-none-eabi/11.3.1/../../../../arm-none-eabi/lib/thumb/v7e-m/nofp\libc_nano.a(libc_a-nano-vfprintf_i.o)
 .ARM.attributes
                0x00000000000007f9       0x2e D:/ST/STM32CubeIDE_1.14.0/STM32CubeIDE/plugins/com.st.stm32cube.ide.mcu.externaltools.gnu-tools-for-stm32.11.3.rel1.win32_1.1.100.202309141235/tools/bin/../lib/gcc/arm-none-eabi/11.3.1/../../../../arm-none-eabi/lib/thumb/v7e-m/nofp\libc_nano.a(libc_a-wbuf.o)
 .ARM.attributes
                0x0000000000000827       0x2e D:/ST/STM32CubeIDE_1.14.0/STM32CubeIDE/plugins/com.st.stm32cube.ide.mcu.externaltools.gnu-tools-for-stm32.11.3.rel1.win32_1.1.100.202309141235/tools/bin/../lib/gcc/arm-none-eabi/11.3.1/../../../../arm-none-eabi/lib/thumb/v7e-m/nofp\libc_nano.a(libc_a-wsetup.o)
 .ARM.attributes
                0x0000000000000855       0x2e D:/ST/STM32CubeIDE_1.14.0/STM32CubeIDE/plugins/com.st.stm32cube.ide.mcu.externaltools.gnu-tools-for-stm32.11.3.rel1.win32_1.1.100.202309141235/tools/bin/../lib/gcc/arm-none-eabi/11.3.1/../../../../arm-none-eabi/lib/thumb/v7e-m/nofp\libc_nano.a(libc_a-signal.o)
 .ARM.attributes
                0x0000000000000883       0x2e D:/ST/STM32CubeIDE_1.14.0/STM32CubeIDE/plugins/com.st.stm32cube.ide.mcu.externaltools.gnu-tools-for-stm32.11.3.rel1.win32_1.1.100.202309141235/tools/bin/../lib/gcc/arm-none-eabi/11.3.1/../../../../arm-none-eabi/lib/thumb/v7e-m/nofp\libc_nano.a(libc_a-signalr.o)
 .ARM.attributes
                0x00000000000008b1       0x1c D:/ST/STM32CubeIDE_1.14.0/STM32CubeIDE/plugins/com.st.stm32cube.ide.mcu.externaltools.gnu-tools-for-stm32.11.3.rel1.win32_1.1.100.202309141235/tools/bin/../lib/gcc/arm-none-eabi/11.3.1/../../../../arm-none-eabi/lib/thumb/v7e-m/nofp\libc_nano.a(libc_a-memchr.o)
 .ARM.attributes
                0x00000000000008cd       0x2e D:/ST/STM32CubeIDE_1.14.0/STM32CubeIDE/plugins/com.st.stm32cube.ide.mcu.externaltools.gnu-tools-for-stm32.11.3.rel1.win32_1.1.100.202309141235/tools/bin/../lib/gcc/arm-none-eabi/11.3.1/../../../../arm-none-eabi/lib/thumb/v7e-m/nofp\libc_nano.a(libc_a-makebuf.o)
 .ARM.attributes
                0x00000000000008fb       0x2e D:/ST/STM32CubeIDE_1.14.0/STM32CubeIDE/plugins/com.st.stm32cube.ide.mcu.externaltools.gnu-tools-for-stm32.11.3.rel1.win32_1.1.100.202309141235/tools/bin/../lib/gcc/arm-none-eabi/11.3.1/../../../../arm-none-eabi/lib/thumb/v7e-m/nofp\libc_nano.a(libc_a-fstatr.o)
 .ARM.attributes
                0x0000000000000929       0x2e D:/ST/STM32CubeIDE_1.14.0/STM32CubeIDE/plugins/com.st.stm32cube.ide.mcu.externaltools.gnu-tools-for-stm32.11.3.rel1.win32_1.1.100.202309141235/tools/bin/../lib/gcc/arm-none-eabi/11.3.1/../../../../arm-none-eabi/lib/thumb/v7e-m/nofp\libc_nano.a(libc_a-isattyr.o)
 .ARM.attributes
                0x0000000000000957       0x1e D:/ST/STM32CubeIDE_1.14.0/STM32CubeIDE/plugins/com.st.stm32cube.ide.mcu.externaltools.gnu-tools-for-stm32.11.3.rel1.win32_1.1.100.202309141235/tools/bin/../lib/gcc/arm-none-eabi/11.3.1/thumb/v7e-m/nofp/crtn.o
OUTPUT(proto_sniffer.elf elf32-littlearm)
LOAD linker stubs
LOAD D:/ST/STM32CubeIDE_1.14.0/STM32CubeIDE/plugins/com.st.stm32cube.ide.mcu.externaltools.gnu-tools-for-stm32.11.3.rel1.win32_1.1.100.202309141235/tools/bin/../lib/gcc/arm-none-eabi/11.3.1/../../../../arm-none-eabi/lib/thumb/v7e-m/nofp\libc.a
LOAD D:/ST/STM32CubeIDE_1.14.0/STM32CubeIDE/plugins/com.st.stm32cube.ide.mcu.externaltools.gnu-tools-for-stm32.11.3.rel1.win32_1.1.100.202309141235/tools/bin/../lib/gcc/arm-none-eabi/11.3.1/../../../../arm-none-eabi/lib/thumb/v7e-m/nofp\libm.a
LOAD D:/ST/STM32CubeIDE_1.14.0/STM32CubeIDE/plugins/com.st.stm32cube.ide.mcu.externaltools.gnu-tools-for-stm32.11.3.rel1.win32_1.1.100.202309141235/tools/bin/../lib/gcc/arm-none-eabi/11.3.1/thumb/v7e-m/nofp\libgcc.a

.comment        0x0000000000000000       0x43
 .comment       0x0000000000000000       0x43 D:/ST/STM32CubeIDE_1.14.0/STM32CubeIDE/plugins/com.st.stm32cube.ide.mcu.externaltools.gnu-tools-for-stm32.11.3.rel1.win32_1.1.100.202309141235/tools/bin/../lib/gcc/arm-none-eabi/11.3.1/thumb/v7e-m/nofp/crtbegin.o
                                         0x44 (size before relaxing)
 .comment       0x0000000000000043       0x44 ./APPLICATION/Src/circular_buffer.o
 .comment       0x0000000000000043       0x44 ./APPLICATION/Src/i2c_gyro_data_handle.o
 .comment       0x0000000000000043       0x44 ./APPLICATION/Src/log_data.o
 .comment       0x0000000000000043       0x44 ./APPLICATION/Src/spi_frame_simulate.o
 .comment       0x0000000000000043       0x44 ./APPLICATION/Src/spi_loopback_feature.o
 .comment       0x0000000000000043       0x44 ./ECUAL/Src/gpio.o
 .comment       0x0000000000000043       0x44 ./ECUAL/Src/i2c.o
 .comment       0x0000000000000043       0x44 ./ECUAL/Src/spi.o
 .comment       0x0000000000000043       0x44 ./ECUAL/Src/uart.o
 .comment       0x0000000000000043       0x44 ./MCAL/Src/gpio_stm32.o
 .comment       0x0000000000000043       0x44 ./MCAL/Src/i2c_stm32.o
 .comment       0x0000000000000043       0x44 ./MCAL/Src/peripheral_clock.o
 .comment       0x0000000000000043       0x44 ./MCAL/Src/spi_stm32.o
 .comment       0x0000000000000043       0x44 ./MCAL/Src/uart_stm32.o
 .comment       0x0000000000000043       0x44 ./Src/main.o
 .comment       0x0000000000000043       0x44 ./Src/syscalls.o
 .comment       0x0000000000000043       0x44 ./Src/sysmem.o

.debug_info     0x0000000000000000     0x322c
 .debug_info    0x0000000000000000      0x2ac ./APPLICATION/Src/circular_buffer.o
 .debug_info    0x00000000000002ac      0x1f8 ./APPLICATION/Src/i2c_gyro_data_handle.o
 .debug_info    0x00000000000004a4      0x2db ./APPLICATION/Src/log_data.o
 .debug_info    0x000000000000077f       0xf9 ./APPLICATION/Src/spi_frame_simulate.o
 .debug_info    0x0000000000000878      0x188 ./APPLICATION/Src/spi_loopback_feature.o
 .debug_info    0x0000000000000a00      0x305 ./ECUAL/Src/gpio.o
 .debug_info    0x0000000000000d05      0x120 ./ECUAL/Src/i2c.o
 .debug_info    0x0000000000000e25      0x198 ./ECUAL/Src/spi.o
 .debug_info    0x0000000000000fbd      0x1ee ./ECUAL/Src/uart.o
 .debug_info    0x00000000000011ab      0x3e7 ./MCAL/Src/gpio_stm32.o
 .debug_info    0x0000000000001592      0x511 ./MCAL/Src/i2c_stm32.o
 .debug_info    0x0000000000001aa3      0x310 ./MCAL/Src/peripheral_clock.o
 .debug_info    0x0000000000001db3      0x524 ./MCAL/Src/spi_stm32.o
 .debug_info    0x00000000000022d7      0x4bb ./MCAL/Src/uart_stm32.o
 .debug_info    0x0000000000002792      0x26c ./Src/main.o
 .debug_info    0x00000000000029fe      0x6a3 ./Src/syscalls.o
 .debug_info    0x00000000000030a1      0x168 ./Src/sysmem.o
 .debug_info    0x0000000000003209       0x23 ./Startup/startup_stm32f407vgtx.o

.debug_abbrev   0x0000000000000000     0x12d3
 .debug_abbrev  0x0000000000000000      0x12f ./APPLICATION/Src/circular_buffer.o
 .debug_abbrev  0x000000000000012f       0xec ./APPLICATION/Src/i2c_gyro_data_handle.o
 .debug_abbrev  0x000000000000021b      0x115 ./APPLICATION/Src/log_data.o
 .debug_abbrev  0x0000000000000330       0xaf ./APPLICATION/Src/spi_frame_simulate.o
 .debug_abbrev  0x00000000000003df       0xcd ./APPLICATION/Src/spi_loopback_feature.o
 .debug_abbrev  0x00000000000004ac      0x133 ./ECUAL/Src/gpio.o
 .debug_abbrev  0x00000000000005df       0xcd ./ECUAL/Src/i2c.o
 .debug_abbrev  0x00000000000006ac       0xe7 ./ECUAL/Src/spi.o
 .debug_abbrev  0x0000000000000793       0xf8 ./ECUAL/Src/uart.o
 .debug_abbrev  0x000000000000088b       0xe2 ./MCAL/Src/gpio_stm32.o
 .debug_abbrev  0x000000000000096d      0x193 ./MCAL/Src/i2c_stm32.o
 .debug_abbrev  0x0000000000000b00       0xe3 ./MCAL/Src/peripheral_clock.o
 .debug_abbrev  0x0000000000000be3      0x18d ./MCAL/Src/spi_stm32.o
 .debug_abbrev  0x0000000000000d70      0x1a4 ./MCAL/Src/uart_stm32.o
 .debug_abbrev  0x0000000000000f14      0x13b ./Src/main.o
 .debug_abbrev  0x000000000000104f      0x1b6 ./Src/syscalls.o
 .debug_abbrev  0x0000000000001205       0xbc ./Src/sysmem.o
 .debug_abbrev  0x00000000000012c1       0x12 ./Startup/startup_stm32f407vgtx.o

.debug_aranges  0x0000000000000000      0x3b0
 .debug_aranges
                0x0000000000000000       0x48 ./APPLICATION/Src/circular_buffer.o
 .debug_aranges
                0x0000000000000048       0x20 ./APPLICATION/Src/i2c_gyro_data_handle.o
 .debug_aranges
                0x0000000000000068       0x28 ./APPLICATION/Src/log_data.o
 .debug_aranges
                0x0000000000000090       0x20 ./APPLICATION/Src/spi_frame_simulate.o
 .debug_aranges
                0x00000000000000b0       0x20 ./APPLICATION/Src/spi_loopback_feature.o
 .debug_aranges
                0x00000000000000d0       0x28 ./ECUAL/Src/gpio.o
 .debug_aranges
                0x00000000000000f8       0x30 ./ECUAL/Src/i2c.o
 .debug_aranges
                0x0000000000000128       0x28 ./ECUAL/Src/spi.o
 .debug_aranges
                0x0000000000000150       0x38 ./ECUAL/Src/uart.o
 .debug_aranges
                0x0000000000000188       0x20 ./MCAL/Src/gpio_stm32.o
 .debug_aranges
                0x00000000000001a8       0x40 ./MCAL/Src/i2c_stm32.o
 .debug_aranges
                0x00000000000001e8       0x28 ./MCAL/Src/peripheral_clock.o
 .debug_aranges
                0x0000000000000210       0x38 ./MCAL/Src/spi_stm32.o
 .debug_aranges
                0x0000000000000248       0x50 ./MCAL/Src/uart_stm32.o
 .debug_aranges
                0x0000000000000298       0x28 ./Src/main.o
 .debug_aranges
                0x00000000000002c0       0xa8 ./Src/syscalls.o
 .debug_aranges
                0x0000000000000368       0x20 ./Src/sysmem.o
 .debug_aranges
                0x0000000000000388       0x28 ./Startup/startup_stm32f407vgtx.o

.debug_rnglists
                0x0000000000000000      0x279
 .debug_rnglists
                0x0000000000000000       0x32 ./APPLICATION/Src/circular_buffer.o
 .debug_rnglists
                0x0000000000000032       0x14 ./APPLICATION/Src/i2c_gyro_data_handle.o
 .debug_rnglists
                0x0000000000000046       0x1b ./APPLICATION/Src/log_data.o
 .debug_rnglists
                0x0000000000000061       0x13 ./APPLICATION/Src/spi_frame_simulate.o
 .debug_rnglists
                0x0000000000000074       0x13 ./APPLICATION/Src/spi_loopback_feature.o
 .debug_rnglists
                0x0000000000000087       0x1a ./ECUAL/Src/gpio.o
 .debug_rnglists
                0x00000000000000a1       0x1f ./ECUAL/Src/i2c.o
 .debug_rnglists
                0x00000000000000c0       0x19 ./ECUAL/Src/spi.o
 .debug_rnglists
                0x00000000000000d9       0x25 ./ECUAL/Src/uart.o
 .debug_rnglists
                0x00000000000000fe       0x14 ./MCAL/Src/gpio_stm32.o
 .debug_rnglists
                0x0000000000000112       0x2e ./MCAL/Src/i2c_stm32.o
 .debug_rnglists
                0x0000000000000140       0x1a ./MCAL/Src/peripheral_clock.o
 .debug_rnglists
                0x000000000000015a       0x27 ./MCAL/Src/spi_stm32.o
 .debug_rnglists
                0x0000000000000181       0x39 ./MCAL/Src/uart_stm32.o
 .debug_rnglists
                0x00000000000001ba       0x1a ./Src/main.o
 .debug_rnglists
                0x00000000000001d4       0x79 ./Src/syscalls.o
 .debug_rnglists
                0x000000000000024d       0x13 ./Src/sysmem.o
 .debug_rnglists
                0x0000000000000260       0x19 ./Startup/startup_stm32f407vgtx.o

.debug_macro    0x0000000000000000     0x3a42
 .debug_macro   0x0000000000000000       0x8d ./APPLICATION/Src/circular_buffer.o
 .debug_macro   0x000000000000008d      0xaa8 ./APPLICATION/Src/circular_buffer.o
 .debug_macro   0x0000000000000b35       0x22 ./APPLICATION/Src/circular_buffer.o
 .debug_macro   0x0000000000000b57       0x8e ./APPLICATION/Src/circular_buffer.o
 .debug_macro   0x0000000000000be5       0x51 ./APPLICATION/Src/circular_buffer.o
 .debug_macro   0x0000000000000c36      0x103 ./APPLICATION/Src/circular_buffer.o
 .debug_macro   0x0000000000000d39       0x6a ./APPLICATION/Src/circular_buffer.o
 .debug_macro   0x0000000000000da3      0x1df ./APPLICATION/Src/circular_buffer.o
 .debug_macro   0x0000000000000f82       0x22 ./APPLICATION/Src/circular_buffer.o
 .debug_macro   0x0000000000000fa4       0x10 ./APPLICATION/Src/circular_buffer.o
 .debug_macro   0x0000000000000fb4      0x295 ./APPLICATION/Src/circular_buffer.o
 .debug_macro   0x0000000000001249       0xd0 ./APPLICATION/Src/i2c_gyro_data_handle.o
 .debug_macro   0x0000000000001319      0x28f ./APPLICATION/Src/i2c_gyro_data_handle.o
 .debug_macro   0x00000000000015a8       0xa4 ./APPLICATION/Src/log_data.o
 .debug_macro   0x000000000000164c      0x137 ./APPLICATION/Src/spi_frame_simulate.o
 .debug_macro   0x0000000000001783       0x24 ./APPLICATION/Src/spi_frame_simulate.o
 .debug_macro   0x00000000000017a7       0x5b ./APPLICATION/Src/spi_frame_simulate.o
 .debug_macro   0x0000000000001802       0x94 ./APPLICATION/Src/spi_frame_simulate.o
 .debug_macro   0x0000000000001896       0x43 ./APPLICATION/Src/spi_frame_simulate.o
 .debug_macro   0x00000000000018d9       0x34 ./APPLICATION/Src/spi_frame_simulate.o
 .debug_macro   0x000000000000190d       0x16 ./APPLICATION/Src/spi_frame_simulate.o
 .debug_macro   0x0000000000001923      0x10e ./APPLICATION/Src/spi_frame_simulate.o
 .debug_macro   0x0000000000001a31       0x8d ./APPLICATION/Src/spi_frame_simulate.o
 .debug_macro   0x0000000000001abe       0x16 ./APPLICATION/Src/spi_frame_simulate.o
 .debug_macro   0x0000000000001ad4       0x43 ./APPLICATION/Src/spi_frame_simulate.o
 .debug_macro   0x0000000000001b17       0x57 ./APPLICATION/Src/spi_frame_simulate.o
 .debug_macro   0x0000000000001b6e       0x34 ./APPLICATION/Src/spi_frame_simulate.o
 .debug_macro   0x0000000000001ba2       0x10 ./APPLICATION/Src/spi_frame_simulate.o
 .debug_macro   0x0000000000001bb2       0x58 ./APPLICATION/Src/spi_frame_simulate.o
 .debug_macro   0x0000000000001c0a       0x8e ./APPLICATION/Src/spi_frame_simulate.o
 .debug_macro   0x0000000000001c98       0x1c ./APPLICATION/Src/spi_frame_simulate.o
 .debug_macro   0x0000000000001cb4      0x177 ./APPLICATION/Src/spi_frame_simulate.o
 .debug_macro   0x0000000000001e2b      0x369 ./APPLICATION/Src/spi_frame_simulate.o
 .debug_macro   0x0000000000002194       0x16 ./APPLICATION/Src/spi_frame_simulate.o
 .debug_macro   0x00000000000021aa       0x29 ./APPLICATION/Src/spi_frame_simulate.o
 .debug_macro   0x00000000000021d3       0xad ./APPLICATION/Src/spi_loopback_feature.o
 .debug_macro   0x0000000000002280       0x95 ./ECUAL/Src/gpio.o
 .debug_macro   0x0000000000002315       0x9f ./ECUAL/Src/i2c.o
 .debug_macro   0x00000000000023b4       0x9f ./ECUAL/Src/spi.o
 .debug_macro   0x0000000000002453       0x8b ./ECUAL/Src/uart.o
 .debug_macro   0x00000000000024de       0x95 ./MCAL/Src/gpio_stm32.o
 .debug_macro   0x0000000000002573       0x95 ./MCAL/Src/i2c_stm32.o
 .debug_macro   0x0000000000002608       0x8b ./MCAL/Src/peripheral_clock.o
 .debug_macro   0x0000000000002693       0xbc ./MCAL/Src/spi_stm32.o
 .debug_macro   0x000000000000274f       0x8b ./MCAL/Src/uart_stm32.o
 .debug_macro   0x00000000000027da       0xfc ./Src/main.o
 .debug_macro   0x00000000000028d6      0x274 ./Src/syscalls.o
 .debug_macro   0x0000000000002b4a      0x174 ./Src/syscalls.o
 .debug_macro   0x0000000000002cbe       0x10 ./Src/syscalls.o
 .debug_macro   0x0000000000002cce       0x35 ./Src/syscalls.o
 .debug_macro   0x0000000000002d03       0x10 ./Src/syscalls.o
 .debug_macro   0x0000000000002d13       0x10 ./Src/syscalls.o
 .debug_macro   0x0000000000002d23       0x10 ./Src/syscalls.o
 .debug_macro   0x0000000000002d33       0x1c ./Src/syscalls.o
 .debug_macro   0x0000000000002d4f       0x52 ./Src/syscalls.o
 .debug_macro   0x0000000000002da1       0x22 ./Src/syscalls.o
 .debug_macro   0x0000000000002dc3       0x10 ./Src/syscalls.o
 .debug_macro   0x0000000000002dd3       0x52 ./Src/syscalls.o
 .debug_macro   0x0000000000002e25       0xcf ./Src/syscalls.o
 .debug_macro   0x0000000000002ef4       0x1c ./Src/syscalls.o
 .debug_macro   0x0000000000002f10       0x3d ./Src/syscalls.o
 .debug_macro   0x0000000000002f4d       0x35 ./Src/syscalls.o
 .debug_macro   0x0000000000002f82      0x12c ./Src/syscalls.o
 .debug_macro   0x00000000000030ae       0x10 ./Src/syscalls.o
 .debug_macro   0x00000000000030be      0x242 ./Src/syscalls.o
 .debug_macro   0x0000000000003300       0x1c ./Src/syscalls.o
 .debug_macro   0x000000000000331c       0x10 ./Src/syscalls.o
 .debug_macro   0x000000000000332c       0x10 ./Src/syscalls.o
 .debug_macro   0x000000000000333c       0x16 ./Src/syscalls.o
 .debug_macro   0x0000000000003352      0x147 ./Src/syscalls.o
 .debug_macro   0x0000000000003499      0x18a ./Src/syscalls.o
 .debug_macro   0x0000000000003623       0x16 ./Src/syscalls.o
 .debug_macro   0x0000000000003639       0xce ./Src/syscalls.o
 .debug_macro   0x0000000000003707       0xff ./Src/sysmem.o
 .debug_macro   0x0000000000003806      0x23c ./Src/sysmem.o

.debug_line     0x0000000000000000     0x65f5
 .debug_line    0x0000000000000000      0x5fa ./APPLICATION/Src/circular_buffer.o
 .debug_line    0x00000000000005fa      0x5cc ./APPLICATION/Src/i2c_gyro_data_handle.o
 .debug_line    0x0000000000000bc6      0x54c ./APPLICATION/Src/log_data.o
 .debug_line    0x0000000000001112      0x5c4 ./APPLICATION/Src/spi_frame_simulate.o
 .debug_line    0x00000000000016d6      0x58c ./APPLICATION/Src/spi_loopback_feature.o
 .debug_line    0x0000000000001c62      0x55d ./ECUAL/Src/gpio.o
 .debug_line    0x00000000000021bf      0x527 ./ECUAL/Src/i2c.o
 .debug_line    0x00000000000026e6      0x507 ./ECUAL/Src/spi.o
 .debug_line    0x0000000000002bed      0x51e ./ECUAL/Src/uart.o
 .debug_line    0x000000000000310b      0x5e2 ./MCAL/Src/gpio_stm32.o
 .debug_line    0x00000000000036ed      0x801 ./MCAL/Src/i2c_stm32.o
 .debug_line    0x0000000000003eee      0x55b ./MCAL/Src/peripheral_clock.o
 .debug_line    0x0000000000004449      0x654 ./MCAL/Src/spi_stm32.o
 .debug_line    0x0000000000004a9d      0x661 ./MCAL/Src/uart_stm32.o
 .debug_line    0x00000000000050fe      0x651 ./Src/main.o
 .debug_line    0x000000000000574f      0x8ad ./Src/syscalls.o
 .debug_line    0x0000000000005ffc      0x57e ./Src/sysmem.o
 .debug_line    0x000000000000657a       0x7b ./Startup/startup_stm32f407vgtx.o

.debug_str      0x0000000000000000     0xae57
 .debug_str     0x0000000000000000     0x47e5 ./APPLICATION/Src/circular_buffer.o
                                       0x4968 (size before relaxing)
 .debug_str     0x00000000000047e5      0x155 ./APPLICATION/Src/i2c_gyro_data_handle.o
                                       0x4a04 (size before relaxing)
 .debug_str     0x000000000000493a       0xe6 ./APPLICATION/Src/log_data.o
                                       0x49f5 (size before relaxing)
 .debug_str     0x0000000000004a20     0x34a3 ./APPLICATION/Src/spi_frame_simulate.o
                                       0x722e (size before relaxing)
 .debug_str     0x0000000000007ec3      0x134 ./APPLICATION/Src/spi_loopback_feature.o
                                       0x4938 (size before relaxing)
 .debug_str     0x0000000000007ff7      0x1ac ./ECUAL/Src/gpio.o
                                       0x499e (size before relaxing)
 .debug_str     0x00000000000081a3       0xb3 ./ECUAL/Src/i2c.o
                                       0x48dd (size before relaxing)
 .debug_str     0x0000000000008256       0x4b ./ECUAL/Src/spi.o
                                       0x48ee (size before relaxing)
 .debug_str     0x00000000000082a1       0xa8 ./ECUAL/Src/uart.o
                                       0x491a (size before relaxing)
 .debug_str     0x0000000000008349      0x133 ./MCAL/Src/gpio_stm32.o
                                       0x4a4b (size before relaxing)
 .debug_str     0x000000000000847c      0x12f ./MCAL/Src/i2c_stm32.o
                                       0x4b37 (size before relaxing)
 .debug_str     0x00000000000085ab       0x7e ./MCAL/Src/peripheral_clock.o
                                       0x49c6 (size before relaxing)
 .debug_str     0x0000000000008629       0x62 ./MCAL/Src/spi_stm32.o
                                       0x4b69 (size before relaxing)
 .debug_str     0x000000000000868b       0x9e ./MCAL/Src/uart_stm32.o
                                       0x4ad7 (size before relaxing)
 .debug_str     0x0000000000008729       0x43 ./Src/main.o
                                       0x4a71 (size before relaxing)
 .debug_str     0x000000000000876c     0x2656 ./Src/syscalls.o
                                       0x986d (size before relaxing)
 .debug_str     0x000000000000adc2       0x66 ./Src/sysmem.o
                                       0x6024 (size before relaxing)
 .debug_str     0x000000000000ae28       0x2f ./Startup/startup_stm32f407vgtx.o
                                         0x72 (size before relaxing)

.debug_frame    0x0000000000000000     0x1374
 .debug_frame   0x0000000000000000      0x100 ./APPLICATION/Src/circular_buffer.o
 .debug_frame   0x0000000000000100       0x34 ./APPLICATION/Src/i2c_gyro_data_handle.o
 .debug_frame   0x0000000000000134       0x50 ./APPLICATION/Src/log_data.o
 .debug_frame   0x0000000000000184       0x34 ./APPLICATION/Src/spi_frame_simulate.o
 .debug_frame   0x00000000000001b8       0x34 ./APPLICATION/Src/spi_loopback_feature.o
 .debug_frame   0x00000000000001ec       0x58 ./ECUAL/Src/gpio.o
 .debug_frame   0x0000000000000244       0x6c ./ECUAL/Src/i2c.o
 .debug_frame   0x00000000000002b0       0x50 ./ECUAL/Src/spi.o
 .debug_frame   0x0000000000000300       0x98 ./ECUAL/Src/uart.o
 .debug_frame   0x0000000000000398       0x34 ./MCAL/Src/gpio_stm32.o
 .debug_frame   0x00000000000003cc       0xc0 ./MCAL/Src/i2c_stm32.o
 .debug_frame   0x000000000000048c       0x54 ./MCAL/Src/peripheral_clock.o
 .debug_frame   0x00000000000004e0       0x9c ./MCAL/Src/spi_stm32.o
 .debug_frame   0x000000000000057c      0x110 ./MCAL/Src/uart_stm32.o
 .debug_frame   0x000000000000068c       0x58 ./Src/main.o
 .debug_frame   0x00000000000006e4      0x2ac ./Src/syscalls.o
 .debug_frame   0x0000000000000990       0x34 ./Src/sysmem.o
 .debug_frame   0x00000000000009c4       0x44 D:/ST/STM32CubeIDE_1.14.0/STM32CubeIDE/plugins/com.st.stm32cube.ide.mcu.externaltools.gnu-tools-for-stm32.11.3.rel1.win32_1.1.100.202309141235/tools/bin/../lib/gcc/arm-none-eabi/11.3.1/../../../../arm-none-eabi/lib/thumb/v7e-m/nofp\libc_nano.a(libc_a-rand.o)
 .debug_frame   0x0000000000000a08      0x144 D:/ST/STM32CubeIDE_1.14.0/STM32CubeIDE/plugins/com.st.stm32cube.ide.mcu.externaltools.gnu-tools-for-stm32.11.3.rel1.win32_1.1.100.202309141235/tools/bin/../lib/gcc/arm-none-eabi/11.3.1/../../../../arm-none-eabi/lib/thumb/v7e-m/nofp\libc_nano.a(libc_a-findfp.o)
 .debug_frame   0x0000000000000b4c       0x34 D:/ST/STM32CubeIDE_1.14.0/STM32CubeIDE/plugins/com.st.stm32cube.ide.mcu.externaltools.gnu-tools-for-stm32.11.3.rel1.win32_1.1.100.202309141235/tools/bin/../lib/gcc/arm-none-eabi/11.3.1/../../../../arm-none-eabi/lib/thumb/v7e-m/nofp\libc_nano.a(libc_a-fwalk.o)
 .debug_frame   0x0000000000000b80       0x88 D:/ST/STM32CubeIDE_1.14.0/STM32CubeIDE/plugins/com.st.stm32cube.ide.mcu.externaltools.gnu-tools-for-stm32.11.3.rel1.win32_1.1.100.202309141235/tools/bin/../lib/gcc/arm-none-eabi/11.3.1/../../../../arm-none-eabi/lib/thumb/v7e-m/nofp\libc_nano.a(libc_a-stdio.o)
 .debug_frame   0x0000000000000c08       0x20 D:/ST/STM32CubeIDE_1.14.0/STM32CubeIDE/plugins/com.st.stm32cube.ide.mcu.externaltools.gnu-tools-for-stm32.11.3.rel1.win32_1.1.100.202309141235/tools/bin/../lib/gcc/arm-none-eabi/11.3.1/../../../../arm-none-eabi/lib/thumb/v7e-m/nofp\libc_nano.a(libc_a-memset.o)
 .debug_frame   0x0000000000000c28       0x2c D:/ST/STM32CubeIDE_1.14.0/STM32CubeIDE/plugins/com.st.stm32cube.ide.mcu.externaltools.gnu-tools-for-stm32.11.3.rel1.win32_1.1.100.202309141235/tools/bin/../lib/gcc/arm-none-eabi/11.3.1/../../../../arm-none-eabi/lib/thumb/v7e-m/nofp\libc_nano.a(libc_a-closer.o)
 .debug_frame   0x0000000000000c54       0x38 D:/ST/STM32CubeIDE_1.14.0/STM32CubeIDE/plugins/com.st.stm32cube.ide.mcu.externaltools.gnu-tools-for-stm32.11.3.rel1.win32_1.1.100.202309141235/tools/bin/../lib/gcc/arm-none-eabi/11.3.1/../../../../arm-none-eabi/lib/thumb/v7e-m/nofp\libc_nano.a(libc_a-reent.o)
 .debug_frame   0x0000000000000c8c       0x2c D:/ST/STM32CubeIDE_1.14.0/STM32CubeIDE/plugins/com.st.stm32cube.ide.mcu.externaltools.gnu-tools-for-stm32.11.3.rel1.win32_1.1.100.202309141235/tools/bin/../lib/gcc/arm-none-eabi/11.3.1/../../../../arm-none-eabi/lib/thumb/v7e-m/nofp\libc_nano.a(libc_a-lseekr.o)
 .debug_frame   0x0000000000000cb8       0x2c D:/ST/STM32CubeIDE_1.14.0/STM32CubeIDE/plugins/com.st.stm32cube.ide.mcu.externaltools.gnu-tools-for-stm32.11.3.rel1.win32_1.1.100.202309141235/tools/bin/../lib/gcc/arm-none-eabi/11.3.1/../../../../arm-none-eabi/lib/thumb/v7e-m/nofp\libc_nano.a(libc_a-readr.o)
 .debug_frame   0x0000000000000ce4       0x2c D:/ST/STM32CubeIDE_1.14.0/STM32CubeIDE/plugins/com.st.stm32cube.ide.mcu.externaltools.gnu-tools-for-stm32.11.3.rel1.win32_1.1.100.202309141235/tools/bin/../lib/gcc/arm-none-eabi/11.3.1/../../../../arm-none-eabi/lib/thumb/v7e-m/nofp\libc_nano.a(libc_a-writer.o)
 .debug_frame   0x0000000000000d10       0x20 D:/ST/STM32CubeIDE_1.14.0/STM32CubeIDE/plugins/com.st.stm32cube.ide.mcu.externaltools.gnu-tools-for-stm32.11.3.rel1.win32_1.1.100.202309141235/tools/bin/../lib/gcc/arm-none-eabi/11.3.1/../../../../arm-none-eabi/lib/thumb/v7e-m/nofp\libc_nano.a(libc_a-errno.o)
 .debug_frame   0x0000000000000d30       0x2c D:/ST/STM32CubeIDE_1.14.0/STM32CubeIDE/plugins/com.st.stm32cube.ide.mcu.externaltools.gnu-tools-for-stm32.11.3.rel1.win32_1.1.100.202309141235/tools/bin/../lib/gcc/arm-none-eabi/11.3.1/../../../../arm-none-eabi/lib/thumb/v7e-m/nofp\libc_nano.a(libc_a-init.o)
 .debug_frame   0x0000000000000d5c       0xb0 D:/ST/STM32CubeIDE_1.14.0/STM32CubeIDE/plugins/com.st.stm32cube.ide.mcu.externaltools.gnu-tools-for-stm32.11.3.rel1.win32_1.1.100.202309141235/tools/bin/../lib/gcc/arm-none-eabi/11.3.1/../../../../arm-none-eabi/lib/thumb/v7e-m/nofp\libc_nano.a(libc_a-lock.o)
 .debug_frame   0x0000000000000e0c       0x40 D:/ST/STM32CubeIDE_1.14.0/STM32CubeIDE/plugins/com.st.stm32cube.ide.mcu.externaltools.gnu-tools-for-stm32.11.3.rel1.win32_1.1.100.202309141235/tools/bin/../lib/gcc/arm-none-eabi/11.3.1/../../../../arm-none-eabi/lib/thumb/v7e-m/nofp\libc_nano.a(libc_a-assert.o)
 .debug_frame   0x0000000000000e4c       0x38 D:/ST/STM32CubeIDE_1.14.0/STM32CubeIDE/plugins/com.st.stm32cube.ide.mcu.externaltools.gnu-tools-for-stm32.11.3.rel1.win32_1.1.100.202309141235/tools/bin/../lib/gcc/arm-none-eabi/11.3.1/../../../../arm-none-eabi/lib/thumb/v7e-m/nofp\libc_nano.a(libc_a-freer.o)
 .debug_frame   0x0000000000000e84       0x30 D:/ST/STM32CubeIDE_1.14.0/STM32CubeIDE/plugins/com.st.stm32cube.ide.mcu.externaltools.gnu-tools-for-stm32.11.3.rel1.win32_1.1.100.202309141235/tools/bin/../lib/gcc/arm-none-eabi/11.3.1/../../../../arm-none-eabi/lib/thumb/v7e-m/nofp\libc_nano.a(libc_a-malloc.o)
 .debug_frame   0x0000000000000eb4       0x50 D:/ST/STM32CubeIDE_1.14.0/STM32CubeIDE/plugins/com.st.stm32cube.ide.mcu.externaltools.gnu-tools-for-stm32.11.3.rel1.win32_1.1.100.202309141235/tools/bin/../lib/gcc/arm-none-eabi/11.3.1/../../../../arm-none-eabi/lib/thumb/v7e-m/nofp\libc_nano.a(libc_a-mallocr.o)
 .debug_frame   0x0000000000000f04       0x30 D:/ST/STM32CubeIDE_1.14.0/STM32CubeIDE/plugins/com.st.stm32cube.ide.mcu.externaltools.gnu-tools-for-stm32.11.3.rel1.win32_1.1.100.202309141235/tools/bin/../lib/gcc/arm-none-eabi/11.3.1/../../../../arm-none-eabi/lib/thumb/v7e-m/nofp\libc_nano.a(libc_a-mlock.o)
 .debug_frame   0x0000000000000f34       0x5c D:/ST/STM32CubeIDE_1.14.0/STM32CubeIDE/plugins/com.st.stm32cube.ide.mcu.externaltools.gnu-tools-for-stm32.11.3.rel1.win32_1.1.100.202309141235/tools/bin/../lib/gcc/arm-none-eabi/11.3.1/../../../../arm-none-eabi/lib/thumb/v7e-m/nofp\libc_nano.a(libc_a-fflush.o)
 .debug_frame   0x0000000000000f90       0x64 D:/ST/STM32CubeIDE_1.14.0/STM32CubeIDE/plugins/com.st.stm32cube.ide.mcu.externaltools.gnu-tools-for-stm32.11.3.rel1.win32_1.1.100.202309141235/tools/bin/../lib/gcc/arm-none-eabi/11.3.1/../../../../arm-none-eabi/lib/thumb/v7e-m/nofp\libc_nano.a(libc_a-fprintf.o)
 .debug_frame   0x0000000000000ff4       0x2c D:/ST/STM32CubeIDE_1.14.0/STM32CubeIDE/plugins/com.st.stm32cube.ide.mcu.externaltools.gnu-tools-for-stm32.11.3.rel1.win32_1.1.100.202309141235/tools/bin/../lib/gcc/arm-none-eabi/11.3.1/../../../../arm-none-eabi/lib/thumb/v7e-m/nofp\libc_nano.a(libc_a-sbrkr.o)
 .debug_frame   0x0000000000001020       0x28 D:/ST/STM32CubeIDE_1.14.0/STM32CubeIDE/plugins/com.st.stm32cube.ide.mcu.externaltools.gnu-tools-for-stm32.11.3.rel1.win32_1.1.100.202309141235/tools/bin/../lib/gcc/arm-none-eabi/11.3.1/../../../../arm-none-eabi/lib/thumb/v7e-m/nofp\libc_nano.a(libc_a-abort.o)
 .debug_frame   0x0000000000001048       0xa8 D:/ST/STM32CubeIDE_1.14.0/STM32CubeIDE/plugins/com.st.stm32cube.ide.mcu.externaltools.gnu-tools-for-stm32.11.3.rel1.win32_1.1.100.202309141235/tools/bin/../lib/gcc/arm-none-eabi/11.3.1/../../../../arm-none-eabi/lib/thumb/v7e-m/nofp\libc_nano.a(libc_a-nano-vfprintf.o)
 .debug_frame   0x00000000000010f0       0x60 D:/ST/STM32CubeIDE_1.14.0/STM32CubeIDE/plugins/com.st.stm32cube.ide.mcu.externaltools.gnu-tools-for-stm32.11.3.rel1.win32_1.1.100.202309141235/tools/bin/../lib/gcc/arm-none-eabi/11.3.1/../../../../arm-none-eabi/lib/thumb/v7e-m/nofp\libc_nano.a(libc_a-nano-vfprintf_i.o)
 .debug_frame   0x0000000000001150       0x40 D:/ST/STM32CubeIDE_1.14.0/STM32CubeIDE/plugins/com.st.stm32cube.ide.mcu.externaltools.gnu-tools-for-stm32.11.3.rel1.win32_1.1.100.202309141235/tools/bin/../lib/gcc/arm-none-eabi/11.3.1/../../../../arm-none-eabi/lib/thumb/v7e-m/nofp\libc_nano.a(libc_a-wbuf.o)
 .debug_frame   0x0000000000001190       0x2c D:/ST/STM32CubeIDE_1.14.0/STM32CubeIDE/plugins/com.st.stm32cube.ide.mcu.externaltools.gnu-tools-for-stm32.11.3.rel1.win32_1.1.100.202309141235/tools/bin/../lib/gcc/arm-none-eabi/11.3.1/../../../../arm-none-eabi/lib/thumb/v7e-m/nofp\libc_nano.a(libc_a-wsetup.o)